{
  "Top": "srcnn",
  "RtlTop": "srcnn",
  "RtlPrefix": "",
  "RtlSubPrefix": "srcnn_",
  "SourceLanguage": "cpp",
  "HostMachineBits": "64",
  "FunctionProtocol": "ap_ctrl_hs",
  "ResetStyle": "control",
  "Target": {
    "Family": "zynquplus",
    "Device": "xck26",
    "Package": "-sfvc784",
    "Speed": "-2LV-c",
    "Triple": "fpga64-xilinx-none"
  },
  "Args": {
    "input_ftmap": {
      "index": "0",
      "direction": "in",
      "srcType": "float*",
      "srcSize": "32",
      "hwRefs": [
        {
          "type": "port",
          "interface": "input_ftmap_address0",
          "name": "input_ftmap_address0",
          "usage": "address",
          "direction": "out"
        },
        {
          "type": "port",
          "interface": "input_ftmap_ce0",
          "name": "input_ftmap_ce0",
          "usage": "control",
          "direction": "out"
        },
        {
          "type": "port",
          "interface": "input_ftmap_q0",
          "name": "input_ftmap_q0",
          "usage": "data",
          "direction": "in"
        }
      ]
    },
    "conv1_weights": {
      "index": "1",
      "direction": "in",
      "srcType": "float*",
      "srcSize": "32",
      "hwRefs": [
        {
          "type": "port",
          "interface": "conv1_weights_address0",
          "name": "conv1_weights_address0",
          "usage": "address",
          "direction": "out"
        },
        {
          "type": "port",
          "interface": "conv1_weights_ce0",
          "name": "conv1_weights_ce0",
          "usage": "control",
          "direction": "out"
        },
        {
          "type": "port",
          "interface": "conv1_weights_q0",
          "name": "conv1_weights_q0",
          "usage": "data",
          "direction": "in"
        }
      ]
    },
    "conv1_biases": {
      "index": "2",
      "direction": "in",
      "srcType": "float*",
      "srcSize": "32",
      "hwRefs": [
        {
          "type": "port",
          "interface": "conv1_biases_address0",
          "name": "conv1_biases_address0",
          "usage": "address",
          "direction": "out"
        },
        {
          "type": "port",
          "interface": "conv1_biases_ce0",
          "name": "conv1_biases_ce0",
          "usage": "control",
          "direction": "out"
        },
        {
          "type": "port",
          "interface": "conv1_biases_q0",
          "name": "conv1_biases_q0",
          "usage": "data",
          "direction": "in"
        }
      ]
    },
    "conv2_weights": {
      "index": "3",
      "direction": "in",
      "srcType": "float*",
      "srcSize": "32",
      "hwRefs": [
        {
          "type": "port",
          "interface": "conv2_weights_address0",
          "name": "conv2_weights_address0",
          "usage": "address",
          "direction": "out"
        },
        {
          "type": "port",
          "interface": "conv2_weights_ce0",
          "name": "conv2_weights_ce0",
          "usage": "control",
          "direction": "out"
        },
        {
          "type": "port",
          "interface": "conv2_weights_q0",
          "name": "conv2_weights_q0",
          "usage": "data",
          "direction": "in"
        }
      ]
    },
    "conv2_biases": {
      "index": "4",
      "direction": "in",
      "srcType": "float*",
      "srcSize": "32",
      "hwRefs": [
        {
          "type": "port",
          "interface": "conv2_biases_address0",
          "name": "conv2_biases_address0",
          "usage": "address",
          "direction": "out"
        },
        {
          "type": "port",
          "interface": "conv2_biases_ce0",
          "name": "conv2_biases_ce0",
          "usage": "control",
          "direction": "out"
        },
        {
          "type": "port",
          "interface": "conv2_biases_q0",
          "name": "conv2_biases_q0",
          "usage": "data",
          "direction": "in"
        }
      ]
    },
    "conv3_weights": {
      "index": "5",
      "direction": "in",
      "srcType": "float*",
      "srcSize": "32",
      "hwRefs": [
        {
          "type": "port",
          "interface": "conv3_weights_address0",
          "name": "conv3_weights_address0",
          "usage": "address",
          "direction": "out"
        },
        {
          "type": "port",
          "interface": "conv3_weights_ce0",
          "name": "conv3_weights_ce0",
          "usage": "control",
          "direction": "out"
        },
        {
          "type": "port",
          "interface": "conv3_weights_q0",
          "name": "conv3_weights_q0",
          "usage": "data",
          "direction": "in"
        }
      ]
    },
    "conv3_biases": {
      "index": "6",
      "direction": "in",
      "srcType": "float*",
      "srcSize": "32",
      "hwRefs": [{
          "type": "port",
          "interface": "conv3_biases",
          "name": "conv3_biases",
          "usage": "data",
          "direction": "in"
        }]
    },
    "output_ftmap": {
      "index": "7",
      "direction": "inout",
      "srcType": "float*",
      "srcSize": "32",
      "hwRefs": [
        {
          "type": "port",
          "interface": "output_ftmap_address0",
          "name": "output_ftmap_address0",
          "usage": "address",
          "direction": "out"
        },
        {
          "type": "port",
          "interface": "output_ftmap_ce0",
          "name": "output_ftmap_ce0",
          "usage": "control",
          "direction": "out"
        },
        {
          "type": "port",
          "interface": "output_ftmap_we0",
          "name": "output_ftmap_we0",
          "usage": "control",
          "direction": "out"
        },
        {
          "type": "port",
          "interface": "output_ftmap_d0",
          "name": "output_ftmap_d0",
          "usage": "data",
          "direction": "out"
        },
        {
          "type": "port",
          "interface": "output_ftmap_q0",
          "name": "output_ftmap_q0",
          "usage": "data",
          "direction": "in"
        }
      ]
    }
  },
  "HlsSolution": {
    "FlowTarget": "vivado",
    "DirectiveTcl": ["set_directive_top srcnn -name srcnn"],
    "ProfileOption": "0",
    "ProfileType": "none",
    "KernelName": "srcnn"
  },
  "ClockInfo": {
    "ClockName": "ap_clk",
    "ClockPeriod": "10",
    "Uncertainty": "2.7",
    "IsCombinational": "0",
    "II": "4829781637",
    "Latency": "4829781636"
  },
  "Xdc": {"OocClocks": ["create_clock -name ap_clk -period 10.000 [get_ports ap_clk]"]},
  "Ipx": {
    "Vendor": "xilinx.com",
    "Library": "hls",
    "Name": "srcnn",
    "Version": "1.0",
    "DisplayName": "Srcnn",
    "Revision": "2113243491",
    "Description": "An IP generated by Vitis HLS",
    "Taxonomy": "\/VITIS_HLS_IP",
    "AutoFamilySupport": "",
    "ZipFile": "xilinx_com_hls_srcnn_1_0.zip"
  },
  "Files": {
    "CSource": [
      "..\/..\/src\/conv1.cpp",
      "..\/..\/src\/conv2.cpp",
      "..\/..\/src\/conv3.cpp",
      "..\/..\/src\/srcnn.cpp",
      "..\/..\/src\/util.cpp"
    ],
    "Vhdl": [
      "impl\/vhdl\/srcnn_conv1_output_ftmap_RAM_AUTO_1R1W.vhd",
      "impl\/vhdl\/srcnn_conv2_output_ftmap_RAM_AUTO_1R1W.vhd",
      "impl\/vhdl\/srcnn_fadd_32ns_32ns_32_4_full_dsp_1.vhd",
      "impl\/vhdl\/srcnn_fcmp_32ns_32ns_1_2_no_dsp_1.vhd",
      "impl\/vhdl\/srcnn_fmul_32ns_32ns_32_3_max_dsp_1.vhd",
      "impl\/vhdl\/srcnn.vhd"
    ],
    "Verilog": [
      "impl\/verilog\/srcnn_conv1_output_ftmap_RAM_AUTO_1R1W.dat",
      "impl\/verilog\/srcnn_conv1_output_ftmap_RAM_AUTO_1R1W.v",
      "impl\/verilog\/srcnn_conv2_output_ftmap_RAM_AUTO_1R1W.dat",
      "impl\/verilog\/srcnn_conv2_output_ftmap_RAM_AUTO_1R1W.v",
      "impl\/verilog\/srcnn_fadd_32ns_32ns_32_4_full_dsp_1.v",
      "impl\/verilog\/srcnn_fcmp_32ns_32ns_1_2_no_dsp_1.v",
      "impl\/verilog\/srcnn_fmul_32ns_32ns_32_3_max_dsp_1.v",
      "impl\/verilog\/srcnn.v"
    ],
    "IpMisc": ["impl\/misc\/logo.png"],
    "Subcore": [
      "impl\/misc\/srcnn_fadd_32ns_32ns_32_4_full_dsp_1_ip.tcl",
      "impl\/misc\/srcnn_fcmp_32ns_32ns_1_2_no_dsp_1_ip.tcl",
      "impl\/misc\/srcnn_fmul_32ns_32ns_32_3_max_dsp_1_ip.tcl"
    ],
    "CsynthXml": "syn\/report\/csynth.xml",
    "DebugDir": ".debug",
    "KernelXml": ".autopilot\/db\/kernel.internal.xml",
    "Xo": "",
    "XoHlsDir": "",
    "ProtoInst": [".debug\/srcnn.protoinst"]
  },
  "SubcoreInfo": {
    "HasXpmMemory": false,
    "HasClockedDsp": false,
    "Ip": [
      {
        "Name": "srcnn_fadd_32ns_32ns_32_4_full_dsp_1_ip",
        "Vlnv": "xilinx.com:ip:floating_point:7.1",
        "Params": "CONFIG.a_precision_type Single CONFIG.a_tuser_width 1 CONFIG.add_sub_value Add CONFIG.b_tuser_width 1 CONFIG.c_a_exponent_width 8 CONFIG.c_a_fraction_width 24 CONFIG.c_compare_operation Programmable CONFIG.c_has_divide_by_zero false CONFIG.c_has_invalid_op false CONFIG.c_has_overflow false CONFIG.c_has_underflow false CONFIG.c_latency 2 CONFIG.c_mult_usage Full_Usage CONFIG.c_optimization Speed_Optimized CONFIG.c_rate 1 CONFIG.c_result_exponent_width 8 CONFIG.c_result_fraction_width 24 CONFIG.component_name srcnn_fadd_32ns_32ns_32_4_full_dsp_1_ip CONFIG.flow_control NonBlocking CONFIG.has_a_tlast false CONFIG.has_a_tuser false CONFIG.has_aclken true CONFIG.has_aresetn false CONFIG.has_b_tlast false CONFIG.has_b_tuser false CONFIG.has_operation_tlast false CONFIG.has_operation_tuser false CONFIG.has_result_tready false CONFIG.maximum_latency false CONFIG.operation_tuser_width 1 CONFIG.operation_type Add_Subtract CONFIG.result_precision_type Single CONFIG.result_tlast_behv Null"
      },
      {
        "Name": "srcnn_fcmp_32ns_32ns_1_2_no_dsp_1_ip",
        "Vlnv": "xilinx.com:ip:floating_point:7.1",
        "Params": "CONFIG.a_precision_type Single CONFIG.a_tuser_width 1 CONFIG.add_sub_value Both CONFIG.b_tuser_width 1 CONFIG.c_a_exponent_width 8 CONFIG.c_a_fraction_width 24 CONFIG.c_compare_operation Programmable CONFIG.c_has_divide_by_zero false CONFIG.c_has_invalid_op false CONFIG.c_has_overflow false CONFIG.c_has_underflow false CONFIG.c_latency 0 CONFIG.c_mult_usage No_Usage CONFIG.c_optimization Speed_Optimized CONFIG.c_rate 1 CONFIG.c_result_exponent_width 1 CONFIG.c_result_fraction_width 0 CONFIG.component_name srcnn_fcmp_32ns_32ns_1_2_no_dsp_1_ip CONFIG.flow_control NonBlocking CONFIG.has_a_tlast false CONFIG.has_a_tuser false CONFIG.has_aclken false CONFIG.has_aresetn false CONFIG.has_b_tlast false CONFIG.has_b_tuser false CONFIG.has_operation_tlast false CONFIG.has_operation_tuser false CONFIG.has_result_tready false CONFIG.maximum_latency false CONFIG.operation_tuser_width 1 CONFIG.operation_type Compare CONFIG.result_precision_type Single CONFIG.result_tlast_behv Null"
      },
      {
        "Name": "srcnn_fmul_32ns_32ns_32_3_max_dsp_1_ip",
        "Vlnv": "xilinx.com:ip:floating_point:7.1",
        "Params": "CONFIG.a_precision_type Single CONFIG.a_tuser_width 1 CONFIG.add_sub_value Both CONFIG.b_tuser_width 1 CONFIG.c_a_exponent_width 8 CONFIG.c_a_fraction_width 24 CONFIG.c_compare_operation Programmable CONFIG.c_has_divide_by_zero false CONFIG.c_has_invalid_op false CONFIG.c_has_overflow false CONFIG.c_has_underflow false CONFIG.c_latency 1 CONFIG.c_mult_usage Max_Usage CONFIG.c_optimization Speed_Optimized CONFIG.c_rate 1 CONFIG.c_result_exponent_width 8 CONFIG.c_result_fraction_width 24 CONFIG.component_name srcnn_fmul_32ns_32ns_32_3_max_dsp_1_ip CONFIG.flow_control NonBlocking CONFIG.has_a_tlast false CONFIG.has_a_tuser false CONFIG.has_aclken true CONFIG.has_aresetn false CONFIG.has_b_tlast false CONFIG.has_b_tuser false CONFIG.has_operation_tlast false CONFIG.has_operation_tuser false CONFIG.has_result_tready false CONFIG.maximum_latency false CONFIG.operation_tuser_width 1 CONFIG.operation_type Multiply CONFIG.result_precision_type Single CONFIG.result_tlast_behv Null"
      }
    ]
  },
  "Interfaces": {
    "ap_clk": {
      "type": "clock",
      "busTypeName": "clock",
      "mode": "slave",
      "busParams": {"ASSOCIATED_RESET": "ap_rst"},
      "portMap": {"ap_clk": "CLK"},
      "ports": ["ap_clk"]
    },
    "ap_rst": {
      "type": "reset",
      "busTypeName": "reset",
      "mode": "slave",
      "busParams": {"POLARITY": "ACTIVE_HIGH"},
      "portMap": {"ap_rst": "RST"},
      "ports": ["ap_rst"]
    },
    "ap_ctrl": {
      "type": "ap_ctrl",
      "busTypeName": "acc_handshake",
      "mode": "slave",
      "portMap": {
        "ap_start": "start",
        "ap_done": "done",
        "ap_idle": "idle",
        "ap_ready": "ready"
      },
      "ports": [
        "ap_done",
        "ap_idle",
        "ap_ready",
        "ap_start"
      ]
    },
    "input_ftmap_address0": {
      "type": "data",
      "busTypeName": "data",
      "protocol": "ap_memory",
      "mode": "master",
      "dataWidth": "16",
      "portMap": {"input_ftmap_address0": "DATA"},
      "ports": ["input_ftmap_address0"],
      "constraints": [{
          "constraint_type": "pragma interface",
          "mode": "ap_memory",
          "register_option": "0",
          "argName": "input_ftmap"
        }]
    },
    "input_ftmap_q0": {
      "type": "data",
      "busTypeName": "data",
      "protocol": "ap_memory",
      "mode": "slave",
      "dataWidth": "32",
      "portMap": {"input_ftmap_q0": "DATA"},
      "ports": ["input_ftmap_q0"],
      "constraints": [{
          "constraint_type": "pragma interface",
          "mode": "ap_memory",
          "register_option": "0",
          "argName": "input_ftmap"
        }]
    },
    "conv1_weights_address0": {
      "type": "data",
      "busTypeName": "data",
      "protocol": "ap_memory",
      "mode": "master",
      "dataWidth": "13",
      "portMap": {"conv1_weights_address0": "DATA"},
      "ports": ["conv1_weights_address0"],
      "constraints": [{
          "constraint_type": "pragma interface",
          "mode": "ap_memory",
          "register_option": "0",
          "argName": "conv1_weights"
        }]
    },
    "conv1_weights_q0": {
      "type": "data",
      "busTypeName": "data",
      "protocol": "ap_memory",
      "mode": "slave",
      "dataWidth": "32",
      "portMap": {"conv1_weights_q0": "DATA"},
      "ports": ["conv1_weights_q0"],
      "constraints": [{
          "constraint_type": "pragma interface",
          "mode": "ap_memory",
          "register_option": "0",
          "argName": "conv1_weights"
        }]
    },
    "conv1_biases_address0": {
      "type": "data",
      "busTypeName": "data",
      "protocol": "ap_memory",
      "mode": "master",
      "dataWidth": "6",
      "portMap": {"conv1_biases_address0": "DATA"},
      "ports": ["conv1_biases_address0"],
      "constraints": [{
          "constraint_type": "pragma interface",
          "mode": "ap_memory",
          "register_option": "0",
          "argName": "conv1_biases"
        }]
    },
    "conv1_biases_q0": {
      "type": "data",
      "busTypeName": "data",
      "protocol": "ap_memory",
      "mode": "slave",
      "dataWidth": "32",
      "portMap": {"conv1_biases_q0": "DATA"},
      "ports": ["conv1_biases_q0"],
      "constraints": [{
          "constraint_type": "pragma interface",
          "mode": "ap_memory",
          "register_option": "0",
          "argName": "conv1_biases"
        }]
    },
    "conv2_weights_address0": {
      "type": "data",
      "busTypeName": "data",
      "protocol": "ap_memory",
      "mode": "master",
      "dataWidth": "11",
      "portMap": {"conv2_weights_address0": "DATA"},
      "ports": ["conv2_weights_address0"],
      "constraints": [{
          "constraint_type": "pragma interface",
          "mode": "ap_memory",
          "register_option": "0",
          "argName": "conv2_weights"
        }]
    },
    "conv2_weights_q0": {
      "type": "data",
      "busTypeName": "data",
      "protocol": "ap_memory",
      "mode": "slave",
      "dataWidth": "32",
      "portMap": {"conv2_weights_q0": "DATA"},
      "ports": ["conv2_weights_q0"],
      "constraints": [{
          "constraint_type": "pragma interface",
          "mode": "ap_memory",
          "register_option": "0",
          "argName": "conv2_weights"
        }]
    },
    "conv2_biases_address0": {
      "type": "data",
      "busTypeName": "data",
      "protocol": "ap_memory",
      "mode": "master",
      "dataWidth": "5",
      "portMap": {"conv2_biases_address0": "DATA"},
      "ports": ["conv2_biases_address0"],
      "constraints": [{
          "constraint_type": "pragma interface",
          "mode": "ap_memory",
          "register_option": "0",
          "argName": "conv2_biases"
        }]
    },
    "conv2_biases_q0": {
      "type": "data",
      "busTypeName": "data",
      "protocol": "ap_memory",
      "mode": "slave",
      "dataWidth": "32",
      "portMap": {"conv2_biases_q0": "DATA"},
      "ports": ["conv2_biases_q0"],
      "constraints": [{
          "constraint_type": "pragma interface",
          "mode": "ap_memory",
          "register_option": "0",
          "argName": "conv2_biases"
        }]
    },
    "conv3_weights_address0": {
      "type": "data",
      "busTypeName": "data",
      "protocol": "ap_memory",
      "mode": "master",
      "dataWidth": "10",
      "portMap": {"conv3_weights_address0": "DATA"},
      "ports": ["conv3_weights_address0"],
      "constraints": [{
          "constraint_type": "pragma interface",
          "mode": "ap_memory",
          "register_option": "0",
          "argName": "conv3_weights"
        }]
    },
    "conv3_weights_q0": {
      "type": "data",
      "busTypeName": "data",
      "protocol": "ap_memory",
      "mode": "slave",
      "dataWidth": "32",
      "portMap": {"conv3_weights_q0": "DATA"},
      "ports": ["conv3_weights_q0"],
      "constraints": [{
          "constraint_type": "pragma interface",
          "mode": "ap_memory",
          "register_option": "0",
          "argName": "conv3_weights"
        }]
    },
    "conv3_biases": {
      "type": "data",
      "busTypeName": "data",
      "protocol": "ap_none",
      "mode": "slave",
      "dataWidth": "32",
      "portMap": {"conv3_biases": "DATA"},
      "ports": ["conv3_biases"],
      "constraints": [{
          "constraint_type": "pragma interface",
          "mode": "ap_none",
          "register_option": "0",
          "argName": "conv3_biases"
        }]
    },
    "output_ftmap_address0": {
      "type": "data",
      "busTypeName": "data",
      "protocol": "ap_memory",
      "mode": "master",
      "dataWidth": "16",
      "portMap": {"output_ftmap_address0": "DATA"},
      "ports": ["output_ftmap_address0"],
      "constraints": [{
          "constraint_type": "pragma interface",
          "mode": "ap_memory",
          "register_option": "0",
          "argName": "output_ftmap"
        }]
    },
    "output_ftmap_d0": {
      "type": "data",
      "busTypeName": "data",
      "protocol": "ap_memory",
      "mode": "master",
      "dataWidth": "32",
      "portMap": {"output_ftmap_d0": "DATA"},
      "ports": ["output_ftmap_d0"],
      "constraints": [{
          "constraint_type": "pragma interface",
          "mode": "ap_memory",
          "register_option": "0",
          "argName": "output_ftmap"
        }]
    },
    "output_ftmap_q0": {
      "type": "data",
      "busTypeName": "data",
      "protocol": "ap_memory",
      "mode": "slave",
      "dataWidth": "32",
      "portMap": {"output_ftmap_q0": "DATA"},
      "ports": ["output_ftmap_q0"],
      "constraints": [{
          "constraint_type": "pragma interface",
          "mode": "ap_memory",
          "register_option": "0",
          "argName": "output_ftmap"
        }]
    }
  },
  "RtlPorts": {
    "ap_clk": {
      "dir": "in",
      "width": "1"
    },
    "ap_rst": {
      "dir": "in",
      "width": "1"
    },
    "ap_start": {
      "dir": "in",
      "width": "1"
    },
    "ap_done": {
      "dir": "out",
      "width": "1"
    },
    "ap_idle": {
      "dir": "out",
      "width": "1"
    },
    "ap_ready": {
      "dir": "out",
      "width": "1"
    },
    "input_ftmap_address0": {
      "dir": "out",
      "width": "16"
    },
    "input_ftmap_ce0": {
      "dir": "out",
      "width": "1"
    },
    "input_ftmap_q0": {
      "dir": "in",
      "width": "32"
    },
    "conv1_weights_address0": {
      "dir": "out",
      "width": "13"
    },
    "conv1_weights_ce0": {
      "dir": "out",
      "width": "1"
    },
    "conv1_weights_q0": {
      "dir": "in",
      "width": "32"
    },
    "conv1_biases_address0": {
      "dir": "out",
      "width": "6"
    },
    "conv1_biases_ce0": {
      "dir": "out",
      "width": "1"
    },
    "conv1_biases_q0": {
      "dir": "in",
      "width": "32"
    },
    "conv2_weights_address0": {
      "dir": "out",
      "width": "11"
    },
    "conv2_weights_ce0": {
      "dir": "out",
      "width": "1"
    },
    "conv2_weights_q0": {
      "dir": "in",
      "width": "32"
    },
    "conv2_biases_address0": {
      "dir": "out",
      "width": "5"
    },
    "conv2_biases_ce0": {
      "dir": "out",
      "width": "1"
    },
    "conv2_biases_q0": {
      "dir": "in",
      "width": "32"
    },
    "conv3_weights_address0": {
      "dir": "out",
      "width": "10"
    },
    "conv3_weights_ce0": {
      "dir": "out",
      "width": "1"
    },
    "conv3_weights_q0": {
      "dir": "in",
      "width": "32"
    },
    "conv3_biases": {
      "dir": "in",
      "width": "32"
    },
    "output_ftmap_address0": {
      "dir": "out",
      "width": "16"
    },
    "output_ftmap_ce0": {
      "dir": "out",
      "width": "1"
    },
    "output_ftmap_we0": {
      "dir": "out",
      "width": "1"
    },
    "output_ftmap_d0": {
      "dir": "out",
      "width": "32"
    },
    "output_ftmap_q0": {
      "dir": "in",
      "width": "32"
    }
  },
  "ModuleInfo": {
    "Hierarchy": {"ModuleName": "srcnn"},
    "Info": {"srcnn": {
        "FunctionProtocol": "ap_ctrl_hs",
        "isTaskLevelControl": "0",
        "isPipelined": "0",
        "isCombinational": "0",
        "isOneStateSeq": "0"
      }},
    "Metrics": {"srcnn": {
        "Latency": {
          "LatencyBest": "4829781636",
          "LatencyAvg": "4829781636",
          "LatencyWorst": "4829781636",
          "PipelineII": "4829781637",
          "PipelineDepth": "",
          "PipelineType": "no"
        },
        "Timing": {
          "Target": "10.00",
          "Uncertainty": "2.70",
          "Estimate": "7.016"
        },
        "Loops": [
          {
            "Name": "VITIS_LOOP_18_1",
            "TripCount": "64",
            "Latency": "3142040832",
            "PipelineII": "",
            "PipelineDepth": "49094388",
            "Loops": [{
                "Name": "VITIS_LOOP_22_2",
                "TripCount": "255",
                "Latency": "49094385",
                "PipelineII": "",
                "PipelineDepth": "192527",
                "Loops": [{
                    "Name": "VITIS_LOOP_23_3",
                    "TripCount": "255",
                    "Latency": "192525",
                    "PipelineII": "",
                    "PipelineDepth": "755",
                    "Loops": [{
                        "Name": "VITIS_LOOP_26_4",
                        "TripCount": "9",
                        "Latency": "747",
                        "PipelineII": "",
                        "PipelineDepth": "83",
                        "Loops": [{
                            "Name": "VITIS_LOOP_27_5",
                            "TripCount": "9",
                            "Latency": "81",
                            "PipelineII": "",
                            "PipelineDepth": "9"
                          }]
                      }]
                  }]
              }]
          },
          {
            "Name": "VITIS_LOOP_17_1",
            "TripCount": "32",
            "Latency": "1215203616",
            "PipelineII": "",
            "PipelineDepth": "37975113",
            "Loops": [{
                "Name": "VITIS_LOOP_21_2",
                "TripCount": "255",
                "Latency": "37975110",
                "PipelineII": "",
                "PipelineDepth": "148922",
                "Loops": [{
                    "Name": "VITIS_LOOP_22_3",
                    "TripCount": "255",
                    "Latency": "148920",
                    "PipelineII": "",
                    "PipelineDepth": "584",
                    "Loops": [{
                        "Name": "VITIS_LOOP_33_6",
                        "TripCount": "64",
                        "Latency": "576",
                        "PipelineII": "",
                        "PipelineDepth": "9"
                      }]
                  }]
              }]
          },
          {
            "Name": "VITIS_LOOP_21_2",
            "TripCount": "255",
            "Latency": "472537185",
            "PipelineII": "",
            "PipelineDepth": "1853087",
            "Loops": [{
                "Name": "VITIS_LOOP_22_3",
                "TripCount": "255",
                "Latency": "1853085",
                "PipelineII": "",
                "PipelineDepth": "7267",
                "Loops": [{
                    "Name": "VITIS_LOOP_25_4",
                    "TripCount": "5",
                    "Latency": "7260",
                    "PipelineII": "",
                    "PipelineDepth": "1452",
                    "Loops": [{
                        "Name": "VITIS_LOOP_26_5",
                        "TripCount": "5",
                        "Latency": "1450",
                        "PipelineII": "",
                        "PipelineDepth": "290",
                        "Loops": [{
                            "Name": "VITIS_LOOP_33_6",
                            "TripCount": "32",
                            "Latency": "288",
                            "PipelineII": "",
                            "PipelineDepth": "9"
                          }]
                      }]
                  }]
              }]
          }
        ],
        "Area": {
          "BRAM_18K": "11064",
          "AVAIL_BRAM": "288",
          "UTIL_BRAM": "3841",
          "DSP": "5",
          "AVAIL_DSP": "1248",
          "UTIL_DSP": "~0",
          "FF": "1420",
          "AVAIL_FF": "234240",
          "UTIL_FF": "~0",
          "LUT": "2394",
          "AVAIL_LUT": "117120",
          "UTIL_LUT": "2",
          "URAM": "0",
          "AVAIL_URAM": "64",
          "UTIL_URAM": "0"
        }
      }}
  },
  "GenerateBdFiles": "0",
  "GenData": {
    "DataVersion": "0.2",
    "Time": "2023-10-09 14:51:34 +1100",
    "ToolName": "vitis_hls",
    "ToolVersion": "2023.1"
  }
}
