<?xml version="1.0" encoding="UTF-8"?>
<vivadoHLSLog:LogRoot xmlns:vivadoHLSLog="www.xilinx.com/vivadoHLSLog">
  <errorLogs>
    <logs>
      <csimLog>
        <logs message="ERROR: [SIM 211-100] CSim failed with errors." projectName="srcnn_hls" solutionName="solution1" date="2023-09-29T22:50:34.986+1000"/>
        <logs message="ERROR: [SIM 211-100] 'csim_design' failed: compilation error(s)." projectName="srcnn_hls" solutionName="solution1" date="2023-09-29T22:49:50.372+1000"/>
        <logs message="ERROR: [SIM 211-100] CSim failed with errors." projectName="srcnn_hls" solutionName="solution1" date="2023-09-29T22:48:43.751+1000"/>
        <logs message="ERROR: [SIM 211-100] CSim failed with errors." projectName="srcnn_hls" solutionName="solution1" date="2023-09-29T22:47:02.129+1000"/>
        <logs message="ERROR: [SIM 211-100] CSim file generation failed: compilation error(s)." projectName="srcnn_hls" solutionName="solution1" date="2023-09-29T22:40:48.129+1000"/>
        <logs message="ERROR: [SIM 211-100] CSim file generation failed: compilation error(s)." projectName="srcnn_hls" solutionName="solution1" date="2023-09-29T22:37:08.208+1000"/>
        <logs message="ERROR: [SIM 211-100] 'csim_design' failed: compilation error(s)." projectName="srcnn_hls" solutionName="solution1" date="2023-09-29T22:36:40.675+1000"/>
        <logs message="ERROR: [SIM 211-100] 'csim_design' failed: compilation error(s)." projectName="srcnn_hls" solutionName="solution1" date="2023-09-29T22:35:25.048+1000"/>
        <logs message="ERROR: [SIM 211-100] 'csim_design' failed: compilation error(s)." projectName="srcnn_hls" solutionName="solution1" date="2023-09-29T22:33:51.928+1000"/>
        <logs message="ERROR: [SIM 211-100] 'csim_design' failed: compilation error(s)." projectName="srcnn_hls" solutionName="solution1" date="2023-09-29T22:27:09.321+1000"/>
        <logs message="ERROR: [SIM 211-100] 'csim_design' failed: compilation error(s)." projectName="srcnn_hls" solutionName="solution1" date="2023-09-29T22:25:48.066+1000"/>
        <logs message="ERROR: [SIM 211-100] 'csim_design' failed: compilation error(s)." projectName="srcnn_hls" solutionName="solution1" date="2023-09-29T22:20:38.017+1000"/>
        <logs message="ERROR: [SIM 211-100] 'csim_design' failed: compilation error(s)." projectName="srcnn_hls" solutionName="solution1" date="2023-09-29T22:19:36.560+1000"/>
        <logs message="ERROR: [SIM 211-100] 'csim_design' failed: compilation error(s)." projectName="srcnn_hls" solutionName="solution1" date="2023-09-29T22:18:24.072+1000"/>
        <logs message="ERROR: [SIM 211-100] 'csim_design' failed: compilation error(s)." projectName="srcnn_hls" solutionName="solution1" date="2023-09-29T22:16:58.103+1000"/>
        <logs message="ERROR: [SIM 211-100] 'csim_design' failed: compilation error(s)." projectName="srcnn_hls" solutionName="solution1" date="2023-09-29T22:05:12.979+1000"/>
        <logs message="ERROR: [SIM 211-100] 'csim_design' failed: compilation error(s)." projectName="srcnn_hls" solutionName="solution1" date="2023-09-29T21:59:59.952+1000"/>
        <logs message="ERROR: [SIM 211-100] 'csim_design' failed: compilation error(s)." projectName="srcnn_hls" solutionName="solution1" date="2023-09-29T21:57:50.483+1000"/>
        <logs message="ERROR: [SIM 211-100] 'csim_design' failed: compilation error(s)." projectName="srcnn_hls" solutionName="solution1" date="2023-09-29T21:55:53.997+1000"/>
        <logs message="ERROR: [SIM 211-100] 'csim_design' failed: compilation error(s)." projectName="srcnn_hls" solutionName="solution1" date="2023-09-29T21:53:58.710+1000"/>
        <logs message="ERROR: [SIM 211-100] 'csim_design' failed: compilation error(s)." projectName="srcnn_hls" solutionName="solution1" date="2023-09-29T21:51:31.284+1000"/>
        <logs message="ERROR: [SIM 211-100] 'csim_design' failed: compilation error(s)." projectName="srcnn_hls" solutionName="solution1" date="2023-09-29T21:50:37.734+1000"/>
        <logs message="ERROR: [SIM 211-100] 'csim_design' failed: compilation error(s)." projectName="srcnn_hls" solutionName="solution1" date="2023-09-29T21:44:37.169+1000"/>
        <logs message="ERROR: [SIM 211-100] 'csim_design' failed: compilation error(s)." projectName="srcnn_hls" solutionName="solution1" date="2023-09-29T21:43:19.383+1000"/>
        <logs message="ERROR: [SIM 211-100] 'csim_design' failed: compilation error(s)." projectName="srcnn_hls" solutionName="solution1" date="2023-09-29T21:39:41.996+1000"/>
        <logs message="ERROR: [SIM 211-100] 'csim_design' failed: compilation error(s)." projectName="srcnn_hls" solutionName="solution1" date="2023-09-26T00:31:31.811+1000"/>
        <logs message="ERROR: [SIM 211-100] 'csim_design' failed: compilation error(s)." projectName="srcnn_hls" solutionName="solution1" date="2023-09-25T23:50:14.537+1000"/>
        <logs message="ERROR: [SIM 211-100] 'csim_design' failed: compilation error(s)." projectName="srcnn_hls" solutionName="solution1" date="2023-09-25T23:49:23.416+1000"/>
      </csimLog>
    </logs>
  </errorLogs>
  <warningLogs>
    <logs>
      <csimLog/>
    </logs>
  </warningLogs>
</vivadoHLSLog:LogRoot>
