srcnn_fadd_32ns_32ns_32_4_full_dsp_1
srcnn_fmul_32ns_32ns_32_3_max_dsp_1
srcnn_fcmp_32ns_32ns_1_2_no_dsp_1
srcnn_conv1_output_ftmap_RAM_AUTO_1R1W
srcnn_conv2_output_ftmap_RAM_AUTO_1R1W
srcnn
