---
MainSourceFile:  'C:/SPB_Data/ELEN90096-Group-2/golden/srcnn_hls/solution1/.autopilot/db/conv1.pp.0.cpp'
Diagnostics:     
  - DiagnosticName:  xilinx-label-all-loops
    Message:         'Added loop label VITIS_LOOP_18_1:  '
    FileOffset:      18
    FilePath:        'C:\SPB_Data\ELEN90096-Group-2\golden\src\conv1.cpp'
    Replacements:    
      - FilePath:        'C:\SPB_Data\ELEN90096-Group-2\golden\srcnn_hls\solution1\.autopilot\db\conv1.pp.0.cpp'
        Offset:          807003
        Length:          0
        ReplacementText: 'VITIS_LOOP_18_1: '
  - DiagnosticName:  xilinx-label-all-loops
    Message:         'Added loop label VITIS_LOOP_22_2:  '
    FileOffset:      22
    FilePath:        'C:\SPB_Data\ELEN90096-Group-2\golden\src\conv1.cpp'
    Replacements:    
      - FilePath:        'C:\SPB_Data\ELEN90096-Group-2\golden\srcnn_hls\solution1\.autopilot\db\conv1.pp.0.cpp'
        Offset:          807049
        Length:          0
        ReplacementText: 'VITIS_LOOP_22_2: '
  - DiagnosticName:  xilinx-label-all-loops
    Message:         'Added loop label VITIS_LOOP_23_3:  '
    FileOffset:      23
    FilePath:        'C:\SPB_Data\ELEN90096-Group-2\golden\src\conv1.cpp'
    Replacements:    
      - FilePath:        'C:\SPB_Data\ELEN90096-Group-2\golden\srcnn_hls\solution1\.autopilot\db\conv1.pp.0.cpp'
        Offset:          807094
        Length:          0
        ReplacementText: 'VITIS_LOOP_23_3: '
  - DiagnosticName:  xilinx-label-all-loops
    Message:         'Added loop label VITIS_LOOP_26_4:  '
    FileOffset:      26
    FilePath:        'C:\SPB_Data\ELEN90096-Group-2\golden\src\conv1.cpp'
    Replacements:    
      - FilePath:        'C:\SPB_Data\ELEN90096-Group-2\golden\srcnn_hls\solution1\.autopilot\db\conv1.pp.0.cpp'
        Offset:          807145
        Length:          0
        ReplacementText: 'VITIS_LOOP_26_4: '
  - DiagnosticName:  xilinx-label-all-loops
    Message:         'Added loop label VITIS_LOOP_27_5:  '
    FileOffset:      27
    FilePath:        'C:\SPB_Data\ELEN90096-Group-2\golden\src\conv1.cpp'
    Replacements:    
      - FilePath:        'C:\SPB_Data\ELEN90096-Group-2\golden\srcnn_hls\solution1\.autopilot\db\conv1.pp.0.cpp'
        Offset:          807202
        Length:          0
        ReplacementText: 'VITIS_LOOP_27_5: '
  - DiagnosticName:  xilinx-label-all-loops
    Message:         'Added loop label VITIS_LOOP_34_6:  '
    FileOffset:      34
    FilePath:        'C:\SPB_Data\ELEN90096-Group-2\golden\src\conv1.cpp'
    Replacements:    
      - FilePath:        'C:\SPB_Data\ELEN90096-Group-2\golden\srcnn_hls\solution1\.autopilot\db\conv1.pp.0.cpp'
        Offset:          807397
        Length:          0
        ReplacementText: 'VITIS_LOOP_34_6: '
...
