<?xml version="1.0" encoding="utf-8"?>
<BindInfo>
	<BindNode BINDTYPE="op" DISPLAY="bind_op sub" ID="" IMPL="fabric" LATENCY="0" OPTYPE="sub" PRAGMA="" RTLNAME="empty_fu_576_p2" SOURCE="src/conv1.cpp:18" VARIABLE="empty" MODULE="srcnn" LOOP="VITIS_LOOP_18_1" BUNDLEDNAME="" DSP="0" BRAM="0" URAM="0"/>
	<BindNode BINDTYPE="op" DISPLAY="bind_op add" ID="" IMPL="fabric" LATENCY="0" OPTYPE="add" PRAGMA="" RTLNAME="add_ln35_fu_598_p2" SOURCE="src/conv1.cpp:35" VARIABLE="add_ln35" MODULE="srcnn" LOOP="VITIS_LOOP_18_1" BUNDLEDNAME="" DSP="0" BRAM="0" URAM="0"/>
	<BindNode BINDTYPE="op" DISPLAY="bind_op icmp" ID="" IMPL="auto" LATENCY="0" OPTYPE="icmp" PRAGMA="" RTLNAME="icmp_ln18_fu_604_p2" SOURCE="src/conv1.cpp:18" VARIABLE="icmp_ln18" MODULE="srcnn" LOOP="VITIS_LOOP_18_1" BUNDLEDNAME="" DSP="0" BRAM="0" URAM="0"/>
	<BindNode BINDTYPE="op" DISPLAY="bind_op add" ID="" IMPL="fabric" LATENCY="0" OPTYPE="add" PRAGMA="" RTLNAME="add_ln18_fu_610_p2" SOURCE="src/conv1.cpp:18" VARIABLE="add_ln18" MODULE="srcnn" LOOP="VITIS_LOOP_18_1" BUNDLEDNAME="" DSP="0" BRAM="0" URAM="0"/>
	<BindNode BINDTYPE="op" DISPLAY="bind_op add" ID="" IMPL="fabric" LATENCY="0" OPTYPE="add" PRAGMA="" RTLNAME="empty_20_fu_629_p2" SOURCE="src/conv1.cpp:35" VARIABLE="empty_20" MODULE="srcnn" LOOP="VITIS_LOOP_22_2" BUNDLEDNAME="" DSP="0" BRAM="0" URAM="0"/>
	<BindNode BINDTYPE="op" DISPLAY="bind_op sub" ID="" IMPL="fabric" LATENCY="0" OPTYPE="sub" PRAGMA="" RTLNAME="empty_22_fu_650_p2" SOURCE="src/conv1.cpp:35" VARIABLE="empty_22" MODULE="srcnn" LOOP="VITIS_LOOP_22_2" BUNDLEDNAME="" DSP="0" BRAM="0" URAM="0"/>
	<BindNode BINDTYPE="op" DISPLAY="bind_op icmp" ID="" IMPL="auto" LATENCY="0" OPTYPE="icmp" PRAGMA="" RTLNAME="icmp_ln22_fu_660_p2" SOURCE="src/conv1.cpp:22" VARIABLE="icmp_ln22" MODULE="srcnn" LOOP="VITIS_LOOP_22_2" BUNDLEDNAME="" DSP="0" BRAM="0" URAM="0"/>
	<BindNode BINDTYPE="op" DISPLAY="bind_op add" ID="" IMPL="fabric" LATENCY="0" OPTYPE="add" PRAGMA="" RTLNAME="add_ln22_fu_666_p2" SOURCE="src/conv1.cpp:22" VARIABLE="add_ln22" MODULE="srcnn" LOOP="VITIS_LOOP_22_2" BUNDLEDNAME="" DSP="0" BRAM="0" URAM="0"/>
	<BindNode BINDTYPE="op" DISPLAY="bind_op add" ID="" IMPL="fabric" LATENCY="0" OPTYPE="add" PRAGMA="" RTLNAME="empty_23_fu_680_p2" SOURCE="src/conv1.cpp:35" VARIABLE="empty_23" MODULE="srcnn" LOOP="VITIS_LOOP_23_3" BUNDLEDNAME="" DSP="0" BRAM="0" URAM="0"/>
	<BindNode BINDTYPE="op" DISPLAY="bind_op icmp" ID="" IMPL="auto" LATENCY="0" OPTYPE="icmp" PRAGMA="" RTLNAME="icmp_ln23_fu_694_p2" SOURCE="src/conv1.cpp:23" VARIABLE="icmp_ln23" MODULE="srcnn" LOOP="VITIS_LOOP_23_3" BUNDLEDNAME="" DSP="0" BRAM="0" URAM="0"/>
	<BindNode BINDTYPE="op" DISPLAY="bind_op add" ID="" IMPL="fabric" LATENCY="0" OPTYPE="add" PRAGMA="" RTLNAME="add_ln23_fu_700_p2" SOURCE="src/conv1.cpp:23" VARIABLE="add_ln23" MODULE="srcnn" LOOP="VITIS_LOOP_23_3" BUNDLEDNAME="" DSP="0" BRAM="0" URAM="0"/>
	<BindNode BINDTYPE="op" DISPLAY="bind_op add" ID="" IMPL="fabric" LATENCY="0" OPTYPE="add" PRAGMA="" RTLNAME="add_ln35_1_fu_710_p2" SOURCE="src/conv1.cpp:35" VARIABLE="add_ln35_1" MODULE="srcnn" LOOP="VITIS_LOOP_26_4" BUNDLEDNAME="" DSP="0" BRAM="0" URAM="0"/>
	<BindNode BINDTYPE="op" DISPLAY="bind_op add" ID="" IMPL="fabric" LATENCY="0" OPTYPE="add" PRAGMA="" RTLNAME="add_ln35_2_fu_731_p2" SOURCE="src/conv1.cpp:35" VARIABLE="add_ln35_2" MODULE="srcnn" LOOP="VITIS_LOOP_26_4" BUNDLEDNAME="" DSP="0" BRAM="0" URAM="0"/>
	<BindNode BINDTYPE="op" DISPLAY="bind_op icmp" ID="" IMPL="auto" LATENCY="0" OPTYPE="icmp" PRAGMA="" RTLNAME="icmp_ln26_fu_737_p2" SOURCE="src/conv1.cpp:26" VARIABLE="icmp_ln26" MODULE="srcnn" LOOP="VITIS_LOOP_26_4" BUNDLEDNAME="" DSP="0" BRAM="0" URAM="0"/>
	<BindNode BINDTYPE="op" DISPLAY="bind_op add" ID="" IMPL="fabric" LATENCY="0" OPTYPE="add" PRAGMA="" RTLNAME="add_ln26_fu_743_p2" SOURCE="src/conv1.cpp:26" VARIABLE="add_ln26" MODULE="srcnn" LOOP="VITIS_LOOP_26_4" BUNDLEDNAME="" DSP="0" BRAM="0" URAM="0"/>
	<BindNode BINDTYPE="op" DISPLAY="bind_op add" ID="" IMPL="fabric" LATENCY="0" OPTYPE="add" PRAGMA="" RTLNAME="tmp_fu_749_p2" SOURCE="src/conv1.cpp:26" VARIABLE="tmp" MODULE="srcnn" LOOP="VITIS_LOOP_26_4" BUNDLEDNAME="" DSP="0" BRAM="0" URAM="0"/>
	<BindNode BINDTYPE="op" DISPLAY="bind_op add" ID="" IMPL="fabric" LATENCY="0" OPTYPE="add" PRAGMA="" RTLNAME="empty_24_fu_759_p2" SOURCE="src/conv1.cpp:26" VARIABLE="empty_24" MODULE="srcnn" LOOP="VITIS_LOOP_26_4" BUNDLEDNAME="" DSP="0" BRAM="0" URAM="0"/>
	<BindNode BINDTYPE="op" DISPLAY="bind_op icmp" ID="" IMPL="auto" LATENCY="0" OPTYPE="icmp" PRAGMA="" RTLNAME="icmp_ln84_fu_772_p2" SOURCE="src/util.cpp:84" VARIABLE="icmp_ln84" MODULE="srcnn" LOOP="VITIS_LOOP_26_4" BUNDLEDNAME="" DSP="0" BRAM="0" URAM="0"/>
	<BindNode BINDTYPE="op" DISPLAY="bind_op add" ID="" IMPL="fabric" LATENCY="0" OPTYPE="add" PRAGMA="" RTLNAME="add_ln84_fu_782_p2" SOURCE="src/util.cpp:84" VARIABLE="add_ln84" MODULE="srcnn" LOOP="VITIS_LOOP_26_4" BUNDLEDNAME="" DSP="0" BRAM="0" URAM="0"/>
	<BindNode BINDTYPE="op" DISPLAY="bind_op select" ID="" IMPL="auto_sel" LATENCY="0" OPTYPE="select" PRAGMA="" RTLNAME="select_ln83_fu_788_p3" SOURCE="src/util.cpp:83" VARIABLE="select_ln83" MODULE="srcnn" LOOP="VITIS_LOOP_26_4" BUNDLEDNAME="" DSP="0" BRAM="0" URAM="0"/>
	<BindNode BINDTYPE="op" DISPLAY="bind_op or" ID="" IMPL="auto" LATENCY="0" OPTYPE="or" PRAGMA="" RTLNAME="or_ln83_fu_796_p2" SOURCE="src/util.cpp:83" VARIABLE="or_ln83" MODULE="srcnn" LOOP="VITIS_LOOP_26_4" BUNDLEDNAME="" DSP="0" BRAM="0" URAM="0"/>
	<BindNode BINDTYPE="op" DISPLAY="bind_op select" ID="" IMPL="auto_sel" LATENCY="0" OPTYPE="select" PRAGMA="" RTLNAME="yPixelClamped_1_fu_802_p3" SOURCE="src/util.cpp:83" VARIABLE="yPixelClamped_1" MODULE="srcnn" LOOP="VITIS_LOOP_26_4" BUNDLEDNAME="" DSP="0" BRAM="0" URAM="0"/>
	<BindNode BINDTYPE="op" DISPLAY="bind_op sub" ID="" IMPL="fabric" LATENCY="0" OPTYPE="sub" PRAGMA="" RTLNAME="sub_ln35_fu_822_p2" SOURCE="src/conv1.cpp:35" VARIABLE="sub_ln35" MODULE="srcnn" LOOP="VITIS_LOOP_26_4" BUNDLEDNAME="" DSP="0" BRAM="0" URAM="0"/>
	<BindNode BINDTYPE="op" DISPLAY="bind_op add" ID="" IMPL="fabric" LATENCY="0" OPTYPE="add" PRAGMA="" RTLNAME="add_ln35_3_fu_832_p2" SOURCE="src/conv1.cpp:35" VARIABLE="add_ln35_3" MODULE="srcnn" LOOP="VITIS_LOOP_27_5" BUNDLEDNAME="" DSP="0" BRAM="0" URAM="0"/>
	<BindNode BINDTYPE="op" DISPLAY="bind_op icmp" ID="" IMPL="auto" LATENCY="0" OPTYPE="icmp" PRAGMA="" RTLNAME="icmp_ln27_fu_842_p2" SOURCE="src/conv1.cpp:27" VARIABLE="icmp_ln27" MODULE="srcnn" LOOP="VITIS_LOOP_27_5" BUNDLEDNAME="" DSP="0" BRAM="0" URAM="0"/>
	<BindNode BINDTYPE="op" DISPLAY="bind_op add" ID="" IMPL="fabric" LATENCY="0" OPTYPE="add" PRAGMA="" RTLNAME="add_ln27_fu_848_p2" SOURCE="src/conv1.cpp:27" VARIABLE="add_ln27" MODULE="srcnn" LOOP="VITIS_LOOP_27_5" BUNDLEDNAME="" DSP="0" BRAM="0" URAM="0"/>
	<BindNode BINDTYPE="op" DISPLAY="bind_op add" ID="" IMPL="fabric" LATENCY="0" OPTYPE="add" PRAGMA="" RTLNAME="add_ln31_fu_854_p2" SOURCE="src/conv1.cpp:31" VARIABLE="add_ln31" MODULE="srcnn" LOOP="VITIS_LOOP_27_5" BUNDLEDNAME="" DSP="0" BRAM="0" URAM="0"/>
	<BindNode BINDTYPE="op" DISPLAY="bind_op add" ID="" IMPL="fabric" LATENCY="0" OPTYPE="add" PRAGMA="" RTLNAME="add_ln31_1_fu_864_p2" SOURCE="src/conv1.cpp:31" VARIABLE="add_ln31_1" MODULE="srcnn" LOOP="VITIS_LOOP_27_5" BUNDLEDNAME="" DSP="0" BRAM="0" URAM="0"/>
	<BindNode BINDTYPE="op" DISPLAY="bind_op icmp" ID="" IMPL="auto" LATENCY="0" OPTYPE="icmp" PRAGMA="" RTLNAME="icmp_ln84_2_fu_877_p2" SOURCE="src/util.cpp:84" VARIABLE="icmp_ln84_2" MODULE="srcnn" LOOP="VITIS_LOOP_27_5" BUNDLEDNAME="" DSP="0" BRAM="0" URAM="0"/>
	<BindNode BINDTYPE="op" DISPLAY="bind_op select" ID="" IMPL="auto_sel" LATENCY="0" OPTYPE="select" PRAGMA="" RTLNAME="select_ln83_4_fu_891_p3" SOURCE="src/util.cpp:83" VARIABLE="select_ln83_4" MODULE="srcnn" LOOP="VITIS_LOOP_27_5" BUNDLEDNAME="" DSP="0" BRAM="0" URAM="0"/>
	<BindNode BINDTYPE="op" DISPLAY="bind_op or" ID="" IMPL="auto" LATENCY="0" OPTYPE="or" PRAGMA="" RTLNAME="or_ln83_2_fu_899_p2" SOURCE="src/util.cpp:83" VARIABLE="or_ln83_2" MODULE="srcnn" LOOP="VITIS_LOOP_27_5" BUNDLEDNAME="" DSP="0" BRAM="0" URAM="0"/>
	<BindNode BINDTYPE="op" DISPLAY="bind_op select" ID="" IMPL="auto_sel" LATENCY="0" OPTYPE="select" PRAGMA="" RTLNAME="xPixelClamped_1_fu_905_p3" SOURCE="src/util.cpp:83" VARIABLE="xPixelClamped_1" MODULE="srcnn" LOOP="VITIS_LOOP_27_5" BUNDLEDNAME="" DSP="0" BRAM="0" URAM="0"/>
	<BindNode BINDTYPE="op" DISPLAY="bind_op add" ID="" IMPL="fabric" LATENCY="0" OPTYPE="add" PRAGMA="" RTLNAME="add_ln35_4_fu_917_p2" SOURCE="src/conv1.cpp:35" VARIABLE="add_ln35_4" MODULE="srcnn" LOOP="VITIS_LOOP_27_5" BUNDLEDNAME="" DSP="0" BRAM="0" URAM="0"/>
	<BindNode BINDTYPE="op" DISPLAY="bind_op fmul" ID="" IMPL="maxdsp" LATENCY="2" OPTYPE="fmul" PRAGMA="" RTLNAME="fmul_32ns_32ns_32_3_max_dsp_1_U2" SOURCE="src/conv1.cpp:35" VARIABLE="mul_i" MODULE="srcnn" LOOP="VITIS_LOOP_27_5" BUNDLEDNAME="" DSP="3" BRAM="0" URAM="0"/>
	<BindNode BINDTYPE="op" DISPLAY="bind_op fadd" ID="" IMPL="fulldsp" LATENCY="3" OPTYPE="fadd" PRAGMA="" RTLNAME="fadd_32ns_32ns_32_4_full_dsp_1_U1" SOURCE="src/conv1.cpp:35" VARIABLE="add42_i" MODULE="srcnn" LOOP="VITIS_LOOP_27_5" BUNDLEDNAME="" DSP="2" BRAM="0" URAM="0"/>
	<BindNode BINDTYPE="op" DISPLAY="bind_op fadd" ID="" IMPL="fulldsp" LATENCY="3" OPTYPE="fadd" PRAGMA="" RTLNAME="fadd_32ns_32ns_32_4_full_dsp_1_U1" SOURCE="src/conv1.cpp:41" VARIABLE="add57_i" MODULE="srcnn" LOOP="VITIS_LOOP_23_3" BUNDLEDNAME="" DSP="2" BRAM="0" URAM="0"/>
	<BindNode BINDTYPE="op" DISPLAY="bind_op icmp" ID="" IMPL="auto" LATENCY="0" OPTYPE="icmp" PRAGMA="" RTLNAME="icmp_ln42_fu_953_p2" SOURCE="src/conv1.cpp:42" VARIABLE="icmp_ln42" MODULE="srcnn" LOOP="VITIS_LOOP_23_3" BUNDLEDNAME="" DSP="0" BRAM="0" URAM="0"/>
	<BindNode BINDTYPE="op" DISPLAY="bind_op icmp" ID="" IMPL="auto" LATENCY="0" OPTYPE="icmp" PRAGMA="" RTLNAME="icmp_ln42_1_fu_959_p2" SOURCE="src/conv1.cpp:42" VARIABLE="icmp_ln42_1" MODULE="srcnn" LOOP="VITIS_LOOP_23_3" BUNDLEDNAME="" DSP="0" BRAM="0" URAM="0"/>
	<BindNode BINDTYPE="op" DISPLAY="bind_op or" ID="" IMPL="auto" LATENCY="0" OPTYPE="or" PRAGMA="" RTLNAME="or_ln42_fu_965_p2" SOURCE="src/conv1.cpp:42" VARIABLE="or_ln42" MODULE="srcnn" LOOP="VITIS_LOOP_23_3" BUNDLEDNAME="" DSP="0" BRAM="0" URAM="0"/>
	<BindNode BINDTYPE="op" DISPLAY="bind_op fcmp" ID="" IMPL="auto" LATENCY="1" OPTYPE="fcmp" PRAGMA="" RTLNAME="fcmp_32ns_32ns_1_2_no_dsp_1_U3" SOURCE="src/conv1.cpp:42" VARIABLE="tmp_2" MODULE="srcnn" LOOP="VITIS_LOOP_23_3" BUNDLEDNAME="" DSP="0" BRAM="0" URAM="0"/>
	<BindNode BINDTYPE="op" DISPLAY="bind_op and" ID="" IMPL="auto" LATENCY="0" OPTYPE="and" PRAGMA="" RTLNAME="and_ln42_fu_971_p2" SOURCE="src/conv1.cpp:42" VARIABLE="and_ln42" MODULE="srcnn" LOOP="VITIS_LOOP_23_3" BUNDLEDNAME="" DSP="0" BRAM="0" URAM="0"/>
	<BindNode BINDTYPE="op" DISPLAY="bind_op select" ID="" IMPL="auto_sel" LATENCY="0" OPTYPE="select" PRAGMA="" RTLNAME="conv1_output_ftmap_d0" SOURCE="src/conv1.cpp:42" VARIABLE="select_ln42" MODULE="srcnn" LOOP="VITIS_LOOP_23_3" BUNDLEDNAME="" DSP="0" BRAM="0" URAM="0"/>
	<BindNode BINDTYPE="op" DISPLAY="bind_op sub" ID="" IMPL="fabric" LATENCY="0" OPTYPE="sub" PRAGMA="" RTLNAME="empty_25_fu_1014_p2" SOURCE="src/conv2.cpp:17" VARIABLE="empty_25" MODULE="srcnn" LOOP="VITIS_LOOP_17_1" BUNDLEDNAME="" DSP="0" BRAM="0" URAM="0"/>
	<BindNode BINDTYPE="op" DISPLAY="bind_op icmp" ID="" IMPL="auto" LATENCY="0" OPTYPE="icmp" PRAGMA="" RTLNAME="icmp_ln17_fu_1032_p2" SOURCE="src/conv2.cpp:17" VARIABLE="icmp_ln17" MODULE="srcnn" LOOP="VITIS_LOOP_17_1" BUNDLEDNAME="" DSP="0" BRAM="0" URAM="0"/>
	<BindNode BINDTYPE="op" DISPLAY="bind_op add" ID="" IMPL="fabric" LATENCY="0" OPTYPE="add" PRAGMA="" RTLNAME="add_ln17_fu_1038_p2" SOURCE="src/conv2.cpp:17" VARIABLE="add_ln17" MODULE="srcnn" LOOP="VITIS_LOOP_17_1" BUNDLEDNAME="" DSP="0" BRAM="0" URAM="0"/>
	<BindNode BINDTYPE="op" DISPLAY="bind_op add" ID="" IMPL="fabric" LATENCY="0" OPTYPE="add" PRAGMA="" RTLNAME="empty_27_fu_1065_p2" SOURCE="src/conv2.cpp:34" VARIABLE="empty_27" MODULE="srcnn" LOOP="VITIS_LOOP_21_2" BUNDLEDNAME="" DSP="0" BRAM="0" URAM="0"/>
	<BindNode BINDTYPE="op" DISPLAY="bind_op sub" ID="" IMPL="fabric" LATENCY="0" OPTYPE="sub" PRAGMA="" RTLNAME="empty_29_fu_1086_p2" SOURCE="src/conv2.cpp:34" VARIABLE="empty_29" MODULE="srcnn" LOOP="VITIS_LOOP_21_2" BUNDLEDNAME="" DSP="0" BRAM="0" URAM="0"/>
	<BindNode BINDTYPE="op" DISPLAY="bind_op icmp" ID="" IMPL="auto" LATENCY="0" OPTYPE="icmp" PRAGMA="" RTLNAME="icmp_ln21_1_fu_1092_p2" SOURCE="src/conv2.cpp:21" VARIABLE="icmp_ln21_1" MODULE="srcnn" LOOP="VITIS_LOOP_21_2" BUNDLEDNAME="" DSP="0" BRAM="0" URAM="0"/>
	<BindNode BINDTYPE="op" DISPLAY="bind_op add" ID="" IMPL="fabric" LATENCY="0" OPTYPE="add" PRAGMA="" RTLNAME="add_ln21_1_fu_1098_p2" SOURCE="src/conv2.cpp:21" VARIABLE="add_ln21_1" MODULE="srcnn" LOOP="VITIS_LOOP_21_2" BUNDLEDNAME="" DSP="0" BRAM="0" URAM="0"/>
	<BindNode BINDTYPE="op" DISPLAY="bind_op add" ID="" IMPL="fabric" LATENCY="0" OPTYPE="add" PRAGMA="" RTLNAME="empty_30_fu_1116_p2" SOURCE="src/conv2.cpp:34" VARIABLE="empty_30" MODULE="srcnn" LOOP="VITIS_LOOP_22_3" BUNDLEDNAME="" DSP="0" BRAM="0" URAM="0"/>
	<BindNode BINDTYPE="op" DISPLAY="bind_op icmp" ID="" IMPL="auto" LATENCY="0" OPTYPE="icmp" PRAGMA="" RTLNAME="icmp_ln22_2_fu_1126_p2" SOURCE="src/conv2.cpp:22" VARIABLE="icmp_ln22_2" MODULE="srcnn" LOOP="VITIS_LOOP_22_3" BUNDLEDNAME="" DSP="0" BRAM="0" URAM="0"/>
	<BindNode BINDTYPE="op" DISPLAY="bind_op add" ID="" IMPL="fabric" LATENCY="0" OPTYPE="add" PRAGMA="" RTLNAME="add_ln22_2_fu_1132_p2" SOURCE="src/conv2.cpp:22" VARIABLE="add_ln22_2" MODULE="srcnn" LOOP="VITIS_LOOP_22_3" BUNDLEDNAME="" DSP="0" BRAM="0" URAM="0"/>
	<BindNode BINDTYPE="op" DISPLAY="bind_op sub" ID="" IMPL="fabric" LATENCY="0" OPTYPE="sub" PRAGMA="" RTLNAME="sub_ln34_1_fu_1158_p2" SOURCE="src/conv2.cpp:34" VARIABLE="sub_ln34_1" MODULE="srcnn" LOOP="VITIS_LOOP_33_6" BUNDLEDNAME="" DSP="0" BRAM="0" URAM="0"/>
	<BindNode BINDTYPE="op" DISPLAY="bind_op add" ID="" IMPL="fabric" LATENCY="0" OPTYPE="add" PRAGMA="" RTLNAME="add_ln34_1_fu_1168_p2" SOURCE="src/conv2.cpp:34" VARIABLE="add_ln34_1" MODULE="srcnn" LOOP="VITIS_LOOP_33_6" BUNDLEDNAME="" DSP="0" BRAM="0" URAM="0"/>
	<BindNode BINDTYPE="op" DISPLAY="bind_op all" ID="" IMPL="tadder" LATENCY="0" OPTYPE="all" PRAGMA="" RTLNAME="sub_ln34_2_fu_1189_p2" SOURCE="src/conv2.cpp:34" VARIABLE="sub_ln34_2" MODULE="srcnn" LOOP="VITIS_LOOP_33_6" BUNDLEDNAME="" DSP="0" BRAM="0" URAM="0"/>
	<BindNode BINDTYPE="op" DISPLAY="bind_op all" ID="" IMPL="tadder" LATENCY="0" OPTYPE="all" PRAGMA="" RTLNAME="add_ln34_2_fu_1195_p2" SOURCE="src/conv2.cpp:34" VARIABLE="add_ln34_2" MODULE="srcnn" LOOP="VITIS_LOOP_33_6" BUNDLEDNAME="" DSP="0" BRAM="0" URAM="0"/>
	<BindNode BINDTYPE="op" DISPLAY="bind_op add" ID="" IMPL="fabric" LATENCY="0" OPTYPE="add" PRAGMA="" RTLNAME="add_ln34_3_fu_1205_p2" SOURCE="src/conv2.cpp:34" VARIABLE="add_ln34_3" MODULE="srcnn" LOOP="VITIS_LOOP_33_6" BUNDLEDNAME="" DSP="0" BRAM="0" URAM="0"/>
	<BindNode BINDTYPE="op" DISPLAY="bind_op icmp" ID="" IMPL="auto" LATENCY="0" OPTYPE="icmp" PRAGMA="" RTLNAME="icmp_ln33_fu_1215_p2" SOURCE="src/conv2.cpp:33" VARIABLE="icmp_ln33" MODULE="srcnn" LOOP="VITIS_LOOP_33_6" BUNDLEDNAME="" DSP="0" BRAM="0" URAM="0"/>
	<BindNode BINDTYPE="op" DISPLAY="bind_op add" ID="" IMPL="fabric" LATENCY="0" OPTYPE="add" PRAGMA="" RTLNAME="add_ln33_fu_1221_p2" SOURCE="src/conv2.cpp:33" VARIABLE="add_ln33" MODULE="srcnn" LOOP="VITIS_LOOP_33_6" BUNDLEDNAME="" DSP="0" BRAM="0" URAM="0"/>
	<BindNode BINDTYPE="op" DISPLAY="bind_op fmul" ID="" IMPL="maxdsp" LATENCY="2" OPTYPE="fmul" PRAGMA="" RTLNAME="fmul_32ns_32ns_32_3_max_dsp_1_U2" SOURCE="src/conv2.cpp:34" VARIABLE="mul_i1" MODULE="srcnn" LOOP="VITIS_LOOP_33_6" BUNDLEDNAME="" DSP="3" BRAM="0" URAM="0"/>
	<BindNode BINDTYPE="op" DISPLAY="bind_op fadd" ID="" IMPL="fulldsp" LATENCY="3" OPTYPE="fadd" PRAGMA="" RTLNAME="fadd_32ns_32ns_32_4_full_dsp_1_U1" SOURCE="src/conv2.cpp:34" VARIABLE="add42_i1" MODULE="srcnn" LOOP="VITIS_LOOP_33_6" BUNDLEDNAME="" DSP="2" BRAM="0" URAM="0"/>
	<BindNode BINDTYPE="op" DISPLAY="bind_op fadd" ID="" IMPL="fulldsp" LATENCY="3" OPTYPE="fadd" PRAGMA="" RTLNAME="fadd_32ns_32ns_32_4_full_dsp_1_U1" SOURCE="src/conv2.cpp:40" VARIABLE="add57_i2" MODULE="srcnn" LOOP="VITIS_LOOP_22_3" BUNDLEDNAME="" DSP="2" BRAM="0" URAM="0"/>
	<BindNode BINDTYPE="op" DISPLAY="bind_op icmp" ID="" IMPL="auto" LATENCY="0" OPTYPE="icmp" PRAGMA="" RTLNAME="icmp_ln41_fu_1249_p2" SOURCE="src/conv2.cpp:41" VARIABLE="icmp_ln41" MODULE="srcnn" LOOP="VITIS_LOOP_22_3" BUNDLEDNAME="" DSP="0" BRAM="0" URAM="0"/>
	<BindNode BINDTYPE="op" DISPLAY="bind_op icmp" ID="" IMPL="auto" LATENCY="0" OPTYPE="icmp" PRAGMA="" RTLNAME="icmp_ln41_1_fu_1255_p2" SOURCE="src/conv2.cpp:41" VARIABLE="icmp_ln41_1" MODULE="srcnn" LOOP="VITIS_LOOP_22_3" BUNDLEDNAME="" DSP="0" BRAM="0" URAM="0"/>
	<BindNode BINDTYPE="op" DISPLAY="bind_op or" ID="" IMPL="auto" LATENCY="0" OPTYPE="or" PRAGMA="" RTLNAME="or_ln41_fu_1261_p2" SOURCE="src/conv2.cpp:41" VARIABLE="or_ln41" MODULE="srcnn" LOOP="VITIS_LOOP_22_3" BUNDLEDNAME="" DSP="0" BRAM="0" URAM="0"/>
	<BindNode BINDTYPE="op" DISPLAY="bind_op fcmp" ID="" IMPL="auto" LATENCY="1" OPTYPE="fcmp" PRAGMA="" RTLNAME="fcmp_32ns_32ns_1_2_no_dsp_1_U3" SOURCE="src/conv2.cpp:41" VARIABLE="tmp_4" MODULE="srcnn" LOOP="VITIS_LOOP_22_3" BUNDLEDNAME="" DSP="0" BRAM="0" URAM="0"/>
	<BindNode BINDTYPE="op" DISPLAY="bind_op and" ID="" IMPL="auto" LATENCY="0" OPTYPE="and" PRAGMA="" RTLNAME="and_ln41_fu_1267_p2" SOURCE="src/conv2.cpp:41" VARIABLE="and_ln41" MODULE="srcnn" LOOP="VITIS_LOOP_22_3" BUNDLEDNAME="" DSP="0" BRAM="0" URAM="0"/>
	<BindNode BINDTYPE="op" DISPLAY="bind_op select" ID="" IMPL="auto_sel" LATENCY="0" OPTYPE="select" PRAGMA="" RTLNAME="conv2_output_ftmap_d0" SOURCE="src/conv2.cpp:41" VARIABLE="select_ln41" MODULE="srcnn" LOOP="VITIS_LOOP_22_3" BUNDLEDNAME="" DSP="0" BRAM="0" URAM="0"/>
	<BindNode BINDTYPE="op" DISPLAY="bind_op sub" ID="" IMPL="fabric" LATENCY="0" OPTYPE="sub" PRAGMA="" RTLNAME="sub_ln34_fu_1297_p2" SOURCE="src/conv3.cpp:34" VARIABLE="sub_ln34" MODULE="srcnn" LOOP="VITIS_LOOP_21_2" BUNDLEDNAME="" DSP="0" BRAM="0" URAM="0"/>
	<BindNode BINDTYPE="op" DISPLAY="bind_op icmp" ID="" IMPL="auto" LATENCY="0" OPTYPE="icmp" PRAGMA="" RTLNAME="icmp_ln21_fu_1307_p2" SOURCE="src/conv3.cpp:21" VARIABLE="icmp_ln21" MODULE="srcnn" LOOP="VITIS_LOOP_21_2" BUNDLEDNAME="" DSP="0" BRAM="0" URAM="0"/>
	<BindNode BINDTYPE="op" DISPLAY="bind_op add" ID="" IMPL="fabric" LATENCY="0" OPTYPE="add" PRAGMA="" RTLNAME="add_ln21_fu_1313_p2" SOURCE="src/conv3.cpp:21" VARIABLE="add_ln21" MODULE="srcnn" LOOP="VITIS_LOOP_21_2" BUNDLEDNAME="" DSP="0" BRAM="0" URAM="0"/>
	<BindNode BINDTYPE="op" DISPLAY="bind_op add" ID="" IMPL="fabric" LATENCY="0" OPTYPE="add" PRAGMA="" RTLNAME="add_ln34_fu_1323_p2" SOURCE="src/conv3.cpp:34" VARIABLE="add_ln34" MODULE="srcnn" LOOP="VITIS_LOOP_22_3" BUNDLEDNAME="" DSP="0" BRAM="0" URAM="0"/>
	<BindNode BINDTYPE="op" DISPLAY="bind_op icmp" ID="" IMPL="auto" LATENCY="0" OPTYPE="icmp" PRAGMA="" RTLNAME="icmp_ln22_1_fu_1337_p2" SOURCE="src/conv3.cpp:22" VARIABLE="icmp_ln22_1" MODULE="srcnn" LOOP="VITIS_LOOP_22_3" BUNDLEDNAME="" DSP="0" BRAM="0" URAM="0"/>
	<BindNode BINDTYPE="op" DISPLAY="bind_op add" ID="" IMPL="fabric" LATENCY="0" OPTYPE="add" PRAGMA="" RTLNAME="add_ln22_1_fu_1343_p2" SOURCE="src/conv3.cpp:22" VARIABLE="add_ln22_1" MODULE="srcnn" LOOP="VITIS_LOOP_22_3" BUNDLEDNAME="" DSP="0" BRAM="0" URAM="0"/>
	<BindNode BINDTYPE="op" DISPLAY="bind_op icmp" ID="" IMPL="auto" LATENCY="0" OPTYPE="icmp" PRAGMA="" RTLNAME="icmp_ln25_fu_1361_p2" SOURCE="src/conv3.cpp:25" VARIABLE="icmp_ln25" MODULE="srcnn" LOOP="VITIS_LOOP_25_4" BUNDLEDNAME="" DSP="0" BRAM="0" URAM="0"/>
	<BindNode BINDTYPE="op" DISPLAY="bind_op add" ID="" IMPL="fabric" LATENCY="0" OPTYPE="add" PRAGMA="" RTLNAME="add_ln25_fu_1367_p2" SOURCE="src/conv3.cpp:25" VARIABLE="add_ln25" MODULE="srcnn" LOOP="VITIS_LOOP_25_4" BUNDLEDNAME="" DSP="0" BRAM="0" URAM="0"/>
	<BindNode BINDTYPE="op" DISPLAY="bind_op add" ID="" IMPL="fabric" LATENCY="0" OPTYPE="add" PRAGMA="" RTLNAME="tmp4_fu_1373_p2" SOURCE="src/conv3.cpp:25" VARIABLE="tmp4" MODULE="srcnn" LOOP="VITIS_LOOP_25_4" BUNDLEDNAME="" DSP="0" BRAM="0" URAM="0"/>
	<BindNode BINDTYPE="op" DISPLAY="bind_op add" ID="" IMPL="fabric" LATENCY="0" OPTYPE="add" PRAGMA="" RTLNAME="empty_32_fu_1383_p2" SOURCE="src/conv3.cpp:25" VARIABLE="empty_32" MODULE="srcnn" LOOP="VITIS_LOOP_25_4" BUNDLEDNAME="" DSP="0" BRAM="0" URAM="0"/>
	<BindNode BINDTYPE="op" DISPLAY="bind_op icmp" ID="" IMPL="auto" LATENCY="0" OPTYPE="icmp" PRAGMA="" RTLNAME="icmp_ln84_1_fu_1396_p2" SOURCE="src/util.cpp:84" VARIABLE="icmp_ln84_1" MODULE="srcnn" LOOP="VITIS_LOOP_25_4" BUNDLEDNAME="" DSP="0" BRAM="0" URAM="0"/>
	<BindNode BINDTYPE="op" DISPLAY="bind_op select" ID="" IMPL="auto_sel" LATENCY="0" OPTYPE="select" PRAGMA="" RTLNAME="select_ln83_2_fu_1410_p3" SOURCE="src/util.cpp:83" VARIABLE="select_ln83_2" MODULE="srcnn" LOOP="VITIS_LOOP_25_4" BUNDLEDNAME="" DSP="0" BRAM="0" URAM="0"/>
	<BindNode BINDTYPE="op" DISPLAY="bind_op or" ID="" IMPL="auto" LATENCY="0" OPTYPE="or" PRAGMA="" RTLNAME="or_ln83_1_fu_1418_p2" SOURCE="src/util.cpp:83" VARIABLE="or_ln83_1" MODULE="srcnn" LOOP="VITIS_LOOP_25_4" BUNDLEDNAME="" DSP="0" BRAM="0" URAM="0"/>
	<BindNode BINDTYPE="op" DISPLAY="bind_op select" ID="" IMPL="auto_sel" LATENCY="0" OPTYPE="select" PRAGMA="" RTLNAME="yPixelClamped_2_fu_1424_p3" SOURCE="src/util.cpp:83" VARIABLE="yPixelClamped_2" MODULE="srcnn" LOOP="VITIS_LOOP_25_4" BUNDLEDNAME="" DSP="0" BRAM="0" URAM="0"/>
	<BindNode BINDTYPE="op" DISPLAY="bind_op icmp" ID="" IMPL="auto" LATENCY="0" OPTYPE="icmp" PRAGMA="" RTLNAME="icmp_ln26_1_fu_1440_p2" SOURCE="src/conv3.cpp:26" VARIABLE="icmp_ln26_1" MODULE="srcnn" LOOP="VITIS_LOOP_26_5" BUNDLEDNAME="" DSP="0" BRAM="0" URAM="0"/>
	<BindNode BINDTYPE="op" DISPLAY="bind_op add" ID="" IMPL="fabric" LATENCY="0" OPTYPE="add" PRAGMA="" RTLNAME="add_ln26_1_fu_1446_p2" SOURCE="src/conv3.cpp:26" VARIABLE="add_ln26_1" MODULE="srcnn" LOOP="VITIS_LOOP_26_5" BUNDLEDNAME="" DSP="0" BRAM="0" URAM="0"/>
	<BindNode BINDTYPE="op" DISPLAY="bind_op add" ID="" IMPL="fabric" LATENCY="0" OPTYPE="add" PRAGMA="" RTLNAME="add_ln30_fu_1452_p2" SOURCE="src/conv3.cpp:30" VARIABLE="add_ln30" MODULE="srcnn" LOOP="VITIS_LOOP_26_5" BUNDLEDNAME="" DSP="0" BRAM="0" URAM="0"/>
	<BindNode BINDTYPE="op" DISPLAY="bind_op add" ID="" IMPL="fabric" LATENCY="0" OPTYPE="add" PRAGMA="" RTLNAME="add_ln30_1_fu_1462_p2" SOURCE="src/conv3.cpp:30" VARIABLE="add_ln30_1" MODULE="srcnn" LOOP="VITIS_LOOP_26_5" BUNDLEDNAME="" DSP="0" BRAM="0" URAM="0"/>
	<BindNode BINDTYPE="op" DISPLAY="bind_op icmp" ID="" IMPL="auto" LATENCY="0" OPTYPE="icmp" PRAGMA="" RTLNAME="icmp_ln84_3_fu_1475_p2" SOURCE="src/util.cpp:84" VARIABLE="icmp_ln84_3" MODULE="srcnn" LOOP="VITIS_LOOP_26_5" BUNDLEDNAME="" DSP="0" BRAM="0" URAM="0"/>
	<BindNode BINDTYPE="op" DISPLAY="bind_op select" ID="" IMPL="auto_sel" LATENCY="0" OPTYPE="select" PRAGMA="" RTLNAME="select_ln83_6_fu_1489_p3" SOURCE="src/util.cpp:83" VARIABLE="select_ln83_6" MODULE="srcnn" LOOP="VITIS_LOOP_26_5" BUNDLEDNAME="" DSP="0" BRAM="0" URAM="0"/>
	<BindNode BINDTYPE="op" DISPLAY="bind_op or" ID="" IMPL="auto" LATENCY="0" OPTYPE="or" PRAGMA="" RTLNAME="or_ln83_3_fu_1497_p2" SOURCE="src/util.cpp:83" VARIABLE="or_ln83_3" MODULE="srcnn" LOOP="VITIS_LOOP_26_5" BUNDLEDNAME="" DSP="0" BRAM="0" URAM="0"/>
	<BindNode BINDTYPE="op" DISPLAY="bind_op select" ID="" IMPL="auto_sel" LATENCY="0" OPTYPE="select" PRAGMA="" RTLNAME="xPixelClamped_2_fu_1503_p3" SOURCE="src/util.cpp:83" VARIABLE="xPixelClamped_2" MODULE="srcnn" LOOP="VITIS_LOOP_26_5" BUNDLEDNAME="" DSP="0" BRAM="0" URAM="0"/>
	<BindNode BINDTYPE="op" DISPLAY="bind_op sub" ID="" IMPL="fabric" LATENCY="0" OPTYPE="sub" PRAGMA="" RTLNAME="sub_ln34_3_fu_1535_p2" SOURCE="src/conv3.cpp:34" VARIABLE="sub_ln34_3" MODULE="srcnn" LOOP="VITIS_LOOP_33_6" BUNDLEDNAME="" DSP="0" BRAM="0" URAM="0"/>
	<BindNode BINDTYPE="op" DISPLAY="bind_op add" ID="" IMPL="fabric" LATENCY="0" OPTYPE="add" PRAGMA="" RTLNAME="add_ln34_4_fu_1545_p2" SOURCE="src/conv3.cpp:34" VARIABLE="add_ln34_4" MODULE="srcnn" LOOP="VITIS_LOOP_33_6" BUNDLEDNAME="" DSP="0" BRAM="0" URAM="0"/>
	<BindNode BINDTYPE="op" DISPLAY="bind_op all" ID="" IMPL="tadder" LATENCY="0" OPTYPE="all" PRAGMA="" RTLNAME="sub_ln34_4_fu_1566_p2" SOURCE="src/conv3.cpp:34" VARIABLE="sub_ln34_4" MODULE="srcnn" LOOP="VITIS_LOOP_33_6" BUNDLEDNAME="" DSP="0" BRAM="0" URAM="0"/>
	<BindNode BINDTYPE="op" DISPLAY="bind_op all" ID="" IMPL="tadder" LATENCY="0" OPTYPE="all" PRAGMA="" RTLNAME="add_ln34_5_fu_1572_p2" SOURCE="src/conv3.cpp:34" VARIABLE="add_ln34_5" MODULE="srcnn" LOOP="VITIS_LOOP_33_6" BUNDLEDNAME="" DSP="0" BRAM="0" URAM="0"/>
	<BindNode BINDTYPE="op" DISPLAY="bind_op all" ID="" IMPL="tadder" LATENCY="0" OPTYPE="all" PRAGMA="" RTLNAME="add_ln34_6_fu_1594_p2" SOURCE="src/conv3.cpp:34" VARIABLE="add_ln34_6" MODULE="srcnn" LOOP="VITIS_LOOP_33_6" BUNDLEDNAME="" DSP="0" BRAM="0" URAM="0"/>
	<BindNode BINDTYPE="op" DISPLAY="bind_op all" ID="" IMPL="tadder" LATENCY="0" OPTYPE="all" PRAGMA="" RTLNAME="add_ln34_7_fu_1600_p2" SOURCE="src/conv3.cpp:34" VARIABLE="add_ln34_7" MODULE="srcnn" LOOP="VITIS_LOOP_33_6" BUNDLEDNAME="" DSP="0" BRAM="0" URAM="0"/>
	<BindNode BINDTYPE="op" DISPLAY="bind_op all" ID="" IMPL="tadder" LATENCY="0" OPTYPE="all" PRAGMA="" RTLNAME="add_ln34_8_fu_1621_p2" SOURCE="src/conv3.cpp:34" VARIABLE="add_ln34_8" MODULE="srcnn" LOOP="VITIS_LOOP_33_6" BUNDLEDNAME="" DSP="0" BRAM="0" URAM="0"/>
	<BindNode BINDTYPE="op" DISPLAY="bind_op all" ID="" IMPL="tadder" LATENCY="0" OPTYPE="all" PRAGMA="" RTLNAME="add_ln34_9_fu_1627_p2" SOURCE="src/conv3.cpp:34" VARIABLE="add_ln34_9" MODULE="srcnn" LOOP="VITIS_LOOP_33_6" BUNDLEDNAME="" DSP="0" BRAM="0" URAM="0"/>
	<BindNode BINDTYPE="op" DISPLAY="bind_op icmp" ID="" IMPL="auto" LATENCY="0" OPTYPE="icmp" PRAGMA="" RTLNAME="icmp_ln33_1_fu_1637_p2" SOURCE="src/conv3.cpp:33" VARIABLE="icmp_ln33_1" MODULE="srcnn" LOOP="VITIS_LOOP_33_6" BUNDLEDNAME="" DSP="0" BRAM="0" URAM="0"/>
	<BindNode BINDTYPE="op" DISPLAY="bind_op add" ID="" IMPL="fabric" LATENCY="0" OPTYPE="add" PRAGMA="" RTLNAME="add_ln33_1_fu_1643_p2" SOURCE="src/conv3.cpp:33" VARIABLE="add_ln33_1" MODULE="srcnn" LOOP="VITIS_LOOP_33_6" BUNDLEDNAME="" DSP="0" BRAM="0" URAM="0"/>
	<BindNode BINDTYPE="op" DISPLAY="bind_op fmul" ID="" IMPL="maxdsp" LATENCY="2" OPTYPE="fmul" PRAGMA="" RTLNAME="fmul_32ns_32ns_32_3_max_dsp_1_U2" SOURCE="src/conv3.cpp:34" VARIABLE="mul_i2" MODULE="srcnn" LOOP="VITIS_LOOP_33_6" BUNDLEDNAME="" DSP="3" BRAM="0" URAM="0"/>
	<BindNode BINDTYPE="op" DISPLAY="bind_op fadd" ID="" IMPL="fulldsp" LATENCY="3" OPTYPE="fadd" PRAGMA="" RTLNAME="fadd_32ns_32ns_32_4_full_dsp_1_U1" SOURCE="src/conv3.cpp:34" VARIABLE="add42_i2" MODULE="srcnn" LOOP="VITIS_LOOP_33_6" BUNDLEDNAME="" DSP="2" BRAM="0" URAM="0"/>
	<BindNode BINDTYPE="op" DISPLAY="bind_op fadd" ID="" IMPL="fulldsp" LATENCY="3" OPTYPE="fadd" PRAGMA="" RTLNAME="fadd_32ns_32ns_32_4_full_dsp_1_U1" SOURCE="src/conv3.cpp:40" VARIABLE="add57_i1" MODULE="srcnn" LOOP="VITIS_LOOP_22_3" BUNDLEDNAME="" DSP="2" BRAM="0" URAM="0"/>
	<BindNode BINDTYPE="storage" DISPLAY="bind_storage ram_1p" ID="" IMPL="auto" LATENCY="1" OPTYPE="ram_1p" PRAGMA="" RTLNAME="conv1_output_ftmap_U" SOURCE="" VARIABLE="conv1_output_ftmap" MODULE="srcnn" LOOP="" BUNDLEDNAME="" DSP="0" BRAM="7374" URAM="0"/>
	<BindNode BINDTYPE="storage" DISPLAY="bind_storage ram_1p" ID="" IMPL="auto" LATENCY="1" OPTYPE="ram_1p" PRAGMA="" RTLNAME="conv2_output_ftmap_U" SOURCE="" VARIABLE="conv2_output_ftmap" MODULE="srcnn" LOOP="" BUNDLEDNAME="" DSP="0" BRAM="3690" URAM="0"/>
</BindInfo>
