<pragmas>
<pragma file="src/srcnn.cpp" line="15" pragmaType="pipeline" parentfunction="srcnn" off="1" ii="0" style=""/>
</pragmas>
