<profile>

<section name = "Vitis HLS Report for 'srcnn'" level="0">
<item name = "Date">Mon Oct  9 14:51:32 2023
</item>
<item name = "Version">2023.1 (Build 3854077 on May  4 2023)</item>
<item name = "Project">srcnn_hls</item>
<item name = "Solution">solution1 (Vivado IP Flow Target)</item>
<item name = "Product family">zynquplus</item>
<item name = "Target device">xck26-sfvc784-2LV-c</item>
</section>

<section name = "Performance Estimates" level="0">
<item name = "Timing">
<section name = "" level="1">
<item name = "Summary"><table name="" hasTotal="0">
<keys size="4">Clock, Target, Estimated, Uncertainty</keys>
<column name="ap_clk">10.00 ns, 7.016 ns, 2.70 ns</column>
</table>
</item>
</section>
</item>
<item name = "Latency">
<section name = "" level="1">
<item name = "Summary"><table name="" hasTotal="0">
<keys size="8">, min, max, min, max, min, max, Type</keys>
<column name="">4829781636, 4829781636, 48.298 sec, 48.298 sec, 4829781637, 4829781637, no</column>
</table>
</item>
<item name = "Detail">
<section name = "" level="1">
<item name = "Instance"><table name="" hasTotal="0">
<keys size="9">Instance, Module, min, max, min, max, min, max, Type</keys>
</table>
</item>
<item name = "Loop"><table name="" hasTotal="0">
<keys size="8">Loop Name, min, max, Latency, achieved, target, Count, Pipelined</keys>
<column name="- VITIS_LOOP_18_1">3142040832, 3142040832, 49094388, -, -, 64, no</column>
<column name=" + VITIS_LOOP_22_2">49094385, 49094385, 192527, -, -, 255, no</column>
<column name="  ++ VITIS_LOOP_23_3">192525, 192525, 755, -, -, 255, no</column>
<column name="   +++ VITIS_LOOP_26_4">747, 747, 83, -, -, 9, no</column>
<column name="    ++++ VITIS_LOOP_27_5">81, 81, 9, -, -, 9, no</column>
<column name="- VITIS_LOOP_17_1">1215203616, 1215203616, 37975113, -, -, 32, no</column>
<column name=" + VITIS_LOOP_21_2">37975110, 37975110, 148922, -, -, 255, no</column>
<column name="  ++ VITIS_LOOP_22_3">148920, 148920, 584, -, -, 255, no</column>
<column name="   +++ VITIS_LOOP_33_6">576, 576, 9, -, -, 64, no</column>
<column name="- VITIS_LOOP_21_2">472537185, 472537185, 1853087, -, -, 255, no</column>
<column name=" + VITIS_LOOP_22_3">1853085, 1853085, 7267, -, -, 255, no</column>
<column name="  ++ VITIS_LOOP_25_4">7260, 7260, 1452, -, -, 5, no</column>
<column name="   +++ VITIS_LOOP_26_5">1450, 1450, 290, -, -, 5, no</column>
<column name="    ++++ VITIS_LOOP_33_6">288, 288, 9, -, -, 32, no</column>
</table>
</item>
</section>
</item>
</section>
</item>
</section>

<section name = "Utilization Estimates" level="0">
<item name = "Summary"><table name="" hasTotal="1">
<keys size="6">Name, BRAM_18K, DSP, FF, LUT, URAM</keys>
<column name="DSP">-, -, -, -, -</column>
<column name="Expression">-, -, 0, 1452, -</column>
<column name="FIFO">-, -, -, -, -</column>
<column name="Instance">-, 5, 355, 349, -</column>
<column name="Memory">11064, -, 0, 0, 0</column>
<column name="Multiplexer">-, -, -, 593, -</column>
<column name="Register">-, -, 1065, -, -</column>
<specialColumn name="Available">288, 1248, 234240, 117120, 64</specialColumn>
<specialColumn name="Utilization (%)">3841, ~0, ~0, 2, 0</specialColumn>
</table>
</item>
<item name = "Detail">
<section name = "" level="1">
<item name = "Instance"><table name="" hasTotal="1">
<keys size="7">Instance, Module, BRAM_18K, DSP, FF, LUT, URAM</keys>
<column name="fadd_32ns_32ns_32_4_full_dsp_1_U1">fadd_32ns_32ns_32_4_full_dsp_1, 0, 2, 227, 214, 0</column>
<column name="fcmp_32ns_32ns_1_2_no_dsp_1_U3">fcmp_32ns_32ns_1_2_no_dsp_1, 0, 0, 0, 0, 0</column>
<column name="fmul_32ns_32ns_32_3_max_dsp_1_U2">fmul_32ns_32ns_32_3_max_dsp_1, 0, 3, 128, 135, 0</column>
</table>
</item>
<item name = "DSP"><table name="" hasTotal="0">
<keys size="3">Instance, Module, Expression</keys>
</table>
</item>
<item name = "Memory"><table name="" hasTotal="1">
<keys size="10">Memory, Module, BRAM_18K, FF, LUT, URAM, Words, Bits, Banks, W*Bits*Banks</keys>
<column name="conv1_output_ftmap_U">conv1_output_ftmap_RAM_AUTO_1R1W, 7374, 0, 0, 0, 4161600, 32, 1, 133171200</column>
<column name="conv2_output_ftmap_U">conv2_output_ftmap_RAM_AUTO_1R1W, 3690, 0, 0, 0, 2080800, 32, 1, 66585600</column>
</table>
</item>
<item name = "FIFO"><table name="" hasTotal="1">
<keys size="8">Name, BRAM_18K, FF, LUT, URAM, Depth, Bits, Size:D*B</keys>
</table>
</item>
<item name = "Expression"><table name="" hasTotal="1">
<keys size="7">Variable Name, Operation, DSP, FF, LUT, Bitwidth P0, Bitwidth P1</keys>
<column name="add_ln17_fu_1038_p2">+, 0, 0, 13, 6, 1</column>
<column name="add_ln18_fu_610_p2">+, 0, 0, 14, 7, 1</column>
<column name="add_ln21_1_fu_1098_p2">+, 0, 0, 15, 8, 1</column>
<column name="add_ln21_fu_1313_p2">+, 0, 0, 15, 8, 1</column>
<column name="add_ln22_1_fu_1343_p2">+, 0, 0, 15, 8, 1</column>
<column name="add_ln22_2_fu_1132_p2">+, 0, 0, 15, 8, 1</column>
<column name="add_ln22_fu_666_p2">+, 0, 0, 15, 8, 1</column>
<column name="add_ln23_fu_700_p2">+, 0, 0, 15, 8, 1</column>
<column name="add_ln25_fu_1367_p2">+, 0, 0, 10, 3, 1</column>
<column name="add_ln26_1_fu_1446_p2">+, 0, 0, 10, 3, 1</column>
<column name="add_ln26_fu_743_p2">+, 0, 0, 12, 4, 1</column>
<column name="add_ln27_fu_848_p2">+, 0, 0, 12, 4, 1</column>
<column name="add_ln30_1_fu_1462_p2">+, 0, 0, 17, 10, 10</column>
<column name="add_ln30_fu_1452_p2">+, 0, 0, 10, 3, 3</column>
<column name="add_ln31_1_fu_864_p2">+, 0, 0, 17, 10, 10</column>
<column name="add_ln31_fu_854_p2">+, 0, 0, 12, 4, 4</column>
<column name="add_ln33_1_fu_1643_p2">+, 0, 0, 13, 6, 1</column>
<column name="add_ln33_fu_1221_p2">+, 0, 0, 14, 7, 1</column>
<column name="add_ln34_1_fu_1168_p2">+, 0, 0, 24, 17, 17</column>
<column name="add_ln34_2_fu_1195_p2">+, 0, 0, 22, 22, 22</column>
<column name="add_ln34_3_fu_1205_p2">+, 0, 0, 18, 11, 11</column>
<column name="add_ln34_4_fu_1545_p2">+, 0, 0, 23, 16, 16</column>
<column name="add_ln34_5_fu_1572_p2">+, 0, 0, 21, 21, 21</column>
<column name="add_ln34_6_fu_1594_p2">+, 0, 0, 18, 9, 9</column>
<column name="add_ln34_7_fu_1600_p2">+, 0, 0, 18, 9, 9</column>
<column name="add_ln34_8_fu_1621_p2">+, 0, 0, 18, 10, 10</column>
<column name="add_ln34_9_fu_1627_p2">+, 0, 0, 18, 10, 10</column>
<column name="add_ln34_fu_1323_p2">+, 0, 0, 23, 16, 16</column>
<column name="add_ln35_1_fu_710_p2">+, 0, 0, 18, 11, 11</column>
<column name="add_ln35_2_fu_731_p2">+, 0, 0, 20, 13, 13</column>
<column name="add_ln35_3_fu_832_p2">+, 0, 0, 20, 13, 13</column>
<column name="add_ln35_4_fu_917_p2">+, 0, 0, 23, 16, 16</column>
<column name="add_ln35_fu_598_p2">+, 0, 0, 18, 11, 11</column>
<column name="add_ln84_fu_782_p2">+, 0, 0, 15, 8, 8</column>
<column name="empty_20_fu_629_p2">+, 0, 0, 24, 17, 17</column>
<column name="empty_23_fu_680_p2">+, 0, 0, 29, 22, 22</column>
<column name="empty_24_fu_759_p2">+, 0, 0, 17, 10, 10</column>
<column name="empty_27_fu_1065_p2">+, 0, 0, 23, 16, 16</column>
<column name="empty_30_fu_1116_p2">+, 0, 0, 28, 21, 21</column>
<column name="empty_32_fu_1383_p2">+, 0, 0, 17, 10, 10</column>
<column name="tmp4_fu_1373_p2">+, 0, 0, 10, 3, 3</column>
<column name="tmp_fu_749_p2">+, 0, 0, 12, 4, 4</column>
<column name="empty_22_fu_650_p2">-, 0, 0, 29, 22, 22</column>
<column name="empty_25_fu_1014_p2">-, 0, 0, 22, 15, 15</column>
<column name="empty_29_fu_1086_p2">-, 0, 0, 28, 21, 21</column>
<column name="empty_fu_576_p2">-, 0, 0, 23, 16, 16</column>
<column name="sub_ln34_1_fu_1158_p2">-, 0, 0, 23, 16, 16</column>
<column name="sub_ln34_2_fu_1189_p2">-, 0, 0, 22, 22, 22</column>
<column name="sub_ln34_3_fu_1535_p2">-, 0, 0, 22, 15, 15</column>
<column name="sub_ln34_4_fu_1566_p2">-, 0, 0, 21, 21, 21</column>
<column name="sub_ln34_fu_1297_p2">-, 0, 0, 23, 16, 16</column>
<column name="sub_ln35_fu_822_p2">-, 0, 0, 23, 16, 16</column>
<column name="and_ln41_fu_1267_p2">and, 0, 0, 2, 1, 1</column>
<column name="and_ln42_fu_971_p2">and, 0, 0, 2, 1, 1</column>
<column name="icmp_ln17_fu_1032_p2">icmp, 0, 0, 14, 6, 7</column>
<column name="icmp_ln18_fu_604_p2">icmp, 0, 0, 15, 7, 8</column>
<column name="icmp_ln21_1_fu_1092_p2">icmp, 0, 0, 15, 8, 2</column>
<column name="icmp_ln21_fu_1307_p2">icmp, 0, 0, 15, 8, 2</column>
<column name="icmp_ln22_1_fu_1337_p2">icmp, 0, 0, 15, 8, 2</column>
<column name="icmp_ln22_2_fu_1126_p2">icmp, 0, 0, 15, 8, 2</column>
<column name="icmp_ln22_fu_660_p2">icmp, 0, 0, 15, 8, 2</column>
<column name="icmp_ln23_fu_694_p2">icmp, 0, 0, 15, 8, 2</column>
<column name="icmp_ln25_fu_1361_p2">icmp, 0, 0, 10, 3, 3</column>
<column name="icmp_ln26_1_fu_1440_p2">icmp, 0, 0, 10, 3, 3</column>
<column name="icmp_ln26_fu_737_p2">icmp, 0, 0, 12, 4, 4</column>
<column name="icmp_ln27_fu_842_p2">icmp, 0, 0, 12, 4, 4</column>
<column name="icmp_ln33_1_fu_1637_p2">icmp, 0, 0, 14, 6, 7</column>
<column name="icmp_ln33_fu_1215_p2">icmp, 0, 0, 15, 7, 8</column>
<column name="icmp_ln41_1_fu_1255_p2">icmp, 0, 0, 30, 23, 1</column>
<column name="icmp_ln41_fu_1249_p2">icmp, 0, 0, 15, 8, 2</column>
<column name="icmp_ln42_1_fu_959_p2">icmp, 0, 0, 30, 23, 1</column>
<column name="icmp_ln42_fu_953_p2">icmp, 0, 0, 15, 8, 2</column>
<column name="icmp_ln84_1_fu_1396_p2">icmp, 0, 0, 17, 10, 8</column>
<column name="icmp_ln84_2_fu_877_p2">icmp, 0, 0, 17, 10, 8</column>
<column name="icmp_ln84_3_fu_1475_p2">icmp, 0, 0, 17, 10, 8</column>
<column name="icmp_ln84_fu_772_p2">icmp, 0, 0, 17, 10, 8</column>
<column name="or_ln41_fu_1261_p2">or, 0, 0, 2, 1, 1</column>
<column name="or_ln42_fu_965_p2">or, 0, 0, 2, 1, 1</column>
<column name="or_ln83_1_fu_1418_p2">or, 0, 0, 2, 1, 1</column>
<column name="or_ln83_2_fu_899_p2">or, 0, 0, 2, 1, 1</column>
<column name="or_ln83_3_fu_1497_p2">or, 0, 0, 2, 1, 1</column>
<column name="or_ln83_fu_796_p2">or, 0, 0, 2, 1, 1</column>
<column name="conv1_output_ftmap_d0">select, 0, 0, 32, 1, 1</column>
<column name="conv2_output_ftmap_d0">select, 0, 0, 32, 1, 1</column>
<column name="select_ln83_2_fu_1410_p3">select, 0, 0, 8, 1, 1</column>
<column name="select_ln83_4_fu_891_p3">select, 0, 0, 8, 1, 1</column>
<column name="select_ln83_6_fu_1489_p3">select, 0, 0, 8, 1, 1</column>
<column name="select_ln83_fu_788_p3">select, 0, 0, 3, 1, 1</column>
<column name="xPixelClamped_1_fu_905_p3">select, 0, 0, 10, 1, 10</column>
<column name="xPixelClamped_2_fu_1503_p3">select, 0, 0, 10, 1, 10</column>
<column name="yPixelClamped_1_fu_802_p3">select, 0, 0, 8, 1, 8</column>
<column name="yPixelClamped_2_fu_1424_p3">select, 0, 0, 10, 1, 10</column>
</table>
</item>
<item name = "Multiplexer"><table name="" hasTotal="1">
<keys size="5">Name, LUT, Input Size, Bits, Total Bits</keys>
<column name="add4227_i_reg_407">9, 2, 32, 64</column>
<column name="add42_lcssa20_i_reg_460">9, 2, 32, 64</column>
<column name="add42_lcssa28_i_reg_362">9, 2, 32, 64</column>
<column name="add42_lcssa_lcssa21_i_reg_439">9, 2, 32, 64</column>
<column name="add42_lcssa_lcssa29_i_reg_341">9, 2, 32, 64</column>
<column name="ap_NS_fsm">256, 59, 1, 59</column>
<column name="conv1_output_ftmap_address0">20, 4, 22, 88</column>
<column name="conv2_output_ftmap_address0">20, 4, 21, 84</column>
<column name="empty_33_reg_483">9, 2, 32, 64</column>
<column name="f1h_reg_330">9, 2, 4, 8</column>
<column name="f1w_reg_351">9, 2, 4, 8</column>
<column name="f3h_reg_428">9, 2, 3, 6</column>
<column name="f3w_reg_449">9, 2, 3, 6</column>
<column name="grp_fu_495_p0">37, 7, 32, 224</column>
<column name="grp_fu_495_p1">26, 5, 32, 160</column>
<column name="grp_fu_505_p0">20, 4, 32, 128</column>
<column name="grp_fu_505_p1">20, 4, 32, 128</column>
<column name="h_1_fu_164">9, 2, 8, 16</column>
<column name="h_4_reg_374">9, 2, 8, 16</column>
<column name="h_reg_307">9, 2, 8, 16</column>
<column name="n1_1_reg_396">9, 2, 7, 14</column>
<column name="n1_fu_156">9, 2, 7, 14</column>
<column name="n2_1_reg_472">9, 2, 6, 12</column>
<column name="n2_fu_160">9, 2, 6, 12</column>
<column name="output_ftmap_address0">14, 3, 16, 48</column>
<column name="w_1_reg_417">9, 2, 8, 16</column>
<column name="w_3_reg_385">9, 2, 8, 16</column>
<column name="w_reg_319">9, 2, 8, 16</column>
</table>
</item>
<item name = "Register"><table name="" hasTotal="1">
<keys size="5">Name, FF, LUT, Bits, Const Bits</keys>
<column name="add4227_i_reg_407">32, 0, 32, 0</column>
<column name="add42_lcssa20_i_reg_460">32, 0, 32, 0</column>
<column name="add42_lcssa28_i_reg_362">32, 0, 32, 0</column>
<column name="add42_lcssa_lcssa21_i_reg_439">32, 0, 32, 0</column>
<column name="add42_lcssa_lcssa29_i_reg_341">32, 0, 32, 0</column>
<column name="add_ln17_reg_1805">6, 0, 6, 0</column>
<column name="add_ln18_reg_1678">7, 0, 7, 0</column>
<column name="add_ln21_1_reg_1845">8, 0, 8, 0</column>
<column name="add_ln21_reg_1909">8, 0, 8, 0</column>
<column name="add_ln22_1_reg_1927">8, 0, 8, 0</column>
<column name="add_ln22_2_reg_1863">8, 0, 8, 0</column>
<column name="add_ln22_reg_1713">8, 0, 8, 0</column>
<column name="add_ln23_reg_1731">8, 0, 8, 0</column>
<column name="add_ln25_reg_1945">3, 0, 3, 0</column>
<column name="add_ln26_1_reg_1963">3, 0, 3, 0</column>
<column name="add_ln26_reg_1744">4, 0, 4, 0</column>
<column name="add_ln27_reg_1762">4, 0, 4, 0</column>
<column name="add_ln33_1_reg_1986">6, 0, 6, 0</column>
<column name="add_ln33_reg_1881">7, 0, 7, 0</column>
<column name="add_ln35_2_reg_1736">13, 0, 13, 0</column>
<column name="add_ln35_reg_1670">11, 0, 11, 0</column>
<column name="ap_CS_fsm">58, 0, 58, 0</column>
<column name="conv1_output_ftmap_addr_reg_1718">22, 0, 22, 0</column>
<column name="conv1_weights_load_reg_1772">32, 0, 32, 0</column>
<column name="conv2_output_ftmap_addr_reg_1855">21, 0, 21, 0</column>
<column name="conv2_weights_load_reg_1886">32, 0, 32, 0</column>
<column name="conv3_weights_load_reg_1991">32, 0, 32, 0</column>
<column name="empty_19_reg_1695">32, 0, 32, 0</column>
<column name="empty_22_reg_1700">22, 0, 22, 0</column>
<column name="empty_26_reg_1827">32, 0, 32, 0</column>
<column name="empty_29_reg_1837">21, 0, 21, 0</column>
<column name="empty_31_reg_1822">32, 0, 32, 0</column>
<column name="empty_33_reg_483">32, 0, 32, 0</column>
<column name="f1h_reg_330">4, 0, 4, 0</column>
<column name="f1w_reg_351">4, 0, 4, 0</column>
<column name="f3h_reg_428">3, 0, 3, 0</column>
<column name="f3w_reg_449">3, 0, 3, 0</column>
<column name="h_1_fu_164">8, 0, 8, 0</column>
<column name="h_3_cast19_reg_1832">8, 0, 17, 9</column>
<column name="h_4_reg_374">8, 0, 8, 0</column>
<column name="h_reg_307">8, 0, 8, 0</column>
<column name="input_ftmap_load_reg_1777">32, 0, 32, 0</column>
<column name="n1_1_reg_396">7, 0, 7, 0</column>
<column name="n1_fu_156">7, 0, 7, 0</column>
<column name="n2_1_reg_472">6, 0, 6, 0</column>
<column name="n2_fu_160">6, 0, 6, 0</column>
<column name="output_ftmap_addr_reg_1914">16, 0, 16, 0</column>
<column name="reg_514">32, 0, 32, 0</column>
<column name="reg_520">32, 0, 32, 0</column>
<column name="reg_532">32, 0, 32, 0</column>
<column name="reg_537">32, 0, 32, 0</column>
<column name="sext_ln26_reg_1950">16, 0, 16, 0</column>
<column name="sext_ln33_reg_1968">21, 0, 21, 0</column>
<column name="sext_ln34_reg_1792">16, 0, 16, 0</column>
<column name="sext_ln35_reg_1665">17, 0, 17, 0</column>
<column name="sub_ln34_reg_1896">16, 0, 16, 0</column>
<column name="sub_ln35_reg_1749">16, 0, 16, 0</column>
<column name="tmp_8_reg_1797">5, 0, 11, 6</column>
<column name="w_1_reg_417">8, 0, 8, 0</column>
<column name="w_3_cast20_reg_1850">8, 0, 22, 14</column>
<column name="w_3_reg_385">8, 0, 8, 0</column>
<column name="w_reg_319">8, 0, 8, 0</column>
<column name="zext_ln21_reg_1901">8, 0, 10, 2</column>
<column name="zext_ln22_1_reg_1919">8, 0, 10, 2</column>
<column name="zext_ln22_reg_1705">8, 0, 10, 2</column>
<column name="zext_ln23_reg_1723">8, 0, 10, 2</column>
<column name="zext_ln25_reg_1937">3, 0, 9, 6</column>
<column name="zext_ln26_reg_1955">3, 0, 10, 7</column>
</table>
</item>
</section>
</item>
</section>

<section name = "Interface" level="0">
<item name = "Summary"><table name="" hasTotal="0">
<keys size="6">RTL Ports, Dir, Bits, Protocol, Source Object, C Type</keys>
<column name="ap_clk">in, 1, ap_ctrl_hs, srcnn, return value</column>
<column name="ap_rst">in, 1, ap_ctrl_hs, srcnn, return value</column>
<column name="ap_start">in, 1, ap_ctrl_hs, srcnn, return value</column>
<column name="ap_done">out, 1, ap_ctrl_hs, srcnn, return value</column>
<column name="ap_idle">out, 1, ap_ctrl_hs, srcnn, return value</column>
<column name="ap_ready">out, 1, ap_ctrl_hs, srcnn, return value</column>
<column name="input_ftmap_address0">out, 16, ap_memory, input_ftmap, array</column>
<column name="input_ftmap_ce0">out, 1, ap_memory, input_ftmap, array</column>
<column name="input_ftmap_q0">in, 32, ap_memory, input_ftmap, array</column>
<column name="conv1_weights_address0">out, 13, ap_memory, conv1_weights, array</column>
<column name="conv1_weights_ce0">out, 1, ap_memory, conv1_weights, array</column>
<column name="conv1_weights_q0">in, 32, ap_memory, conv1_weights, array</column>
<column name="conv1_biases_address0">out, 6, ap_memory, conv1_biases, array</column>
<column name="conv1_biases_ce0">out, 1, ap_memory, conv1_biases, array</column>
<column name="conv1_biases_q0">in, 32, ap_memory, conv1_biases, array</column>
<column name="conv2_weights_address0">out, 11, ap_memory, conv2_weights, array</column>
<column name="conv2_weights_ce0">out, 1, ap_memory, conv2_weights, array</column>
<column name="conv2_weights_q0">in, 32, ap_memory, conv2_weights, array</column>
<column name="conv2_biases_address0">out, 5, ap_memory, conv2_biases, array</column>
<column name="conv2_biases_ce0">out, 1, ap_memory, conv2_biases, array</column>
<column name="conv2_biases_q0">in, 32, ap_memory, conv2_biases, array</column>
<column name="conv3_weights_address0">out, 10, ap_memory, conv3_weights, array</column>
<column name="conv3_weights_ce0">out, 1, ap_memory, conv3_weights, array</column>
<column name="conv3_weights_q0">in, 32, ap_memory, conv3_weights, array</column>
<column name="conv3_biases">in, 32, ap_none, conv3_biases, pointer</column>
<column name="output_ftmap_address0">out, 16, ap_memory, output_ftmap, array</column>
<column name="output_ftmap_ce0">out, 1, ap_memory, output_ftmap, array</column>
<column name="output_ftmap_we0">out, 1, ap_memory, output_ftmap, array</column>
<column name="output_ftmap_d0">out, 32, ap_memory, output_ftmap, array</column>
<column name="output_ftmap_q0">in, 32, ap_memory, output_ftmap, array</column>
</table>
</item>
</section>
</profile>
