<profile>

<RTLDesignHierarchy>
<TopModule>
<ModuleName>srcnn</ModuleName>
</TopModule>
</RTLDesignHierarchy>

<ModuleInformation>
<Module>
<Name>srcnn</Name>
<Loops>
<VITIS_LOOP_18_1>
<VITIS_LOOP_22_2>
<VITIS_LOOP_23_3>
<VITIS_LOOP_26_4>
<VITIS_LOOP_27_5></VITIS_LOOP_27_5>
</VITIS_LOOP_26_4>
</VITIS_LOOP_23_3>
</VITIS_LOOP_22_2>
</VITIS_LOOP_18_1>
<VITIS_LOOP_17_1>
<VITIS_LOOP_21_2>
<VITIS_LOOP_22_3>
<VITIS_LOOP_33_6></VITIS_LOOP_33_6>
</VITIS_LOOP_22_3>
</VITIS_LOOP_21_2>
</VITIS_LOOP_17_1>
<VITIS_LOOP_21_2>
<VITIS_LOOP_22_3>
<VITIS_LOOP_25_4>
<VITIS_LOOP_26_5>
<VITIS_LOOP_33_6></VITIS_LOOP_33_6>
</VITIS_LOOP_26_5>
</VITIS_LOOP_25_4>
</VITIS_LOOP_22_3>
</VITIS_LOOP_21_2>
</Loops>
<PerformanceEstimates>
<SummaryOfTimingAnalysis>
<TargetClockPeriod>10.00</TargetClockPeriod>
<ClockUncertainty>2.70</ClockUncertainty>
<EstimatedClockPeriod>7.016</EstimatedClockPeriod>
</SummaryOfTimingAnalysis>
<SummaryOfOverallLatency>
<Best-caseLatency>4829781636</Best-caseLatency>
<Average-caseLatency>4829781636</Average-caseLatency>
<Worst-caseLatency>4829781636</Worst-caseLatency>
<Best-caseRealTimeLatency>48.298 sec</Best-caseRealTimeLatency>
<Average-caseRealTimeLatency>48.298 sec</Average-caseRealTimeLatency>
<Worst-caseRealTimeLatency>48.298 sec</Worst-caseRealTimeLatency>
<PipelineInitiationInterval>4829781637</PipelineInitiationInterval>
<PipelineType>no</PipelineType>
</SummaryOfOverallLatency>
<SummaryOfLoopLatency>
<VITIS_LOOP_18_1>
<Name>VITIS_LOOP_18_1</Name>
<Slack>7.30</Slack>
<TripCount>64</TripCount>
<Latency>3142040832</Latency>
<AbsoluteTimeLatency>31.420 sec</AbsoluteTimeLatency>
<IterationLatency>49094388</IterationLatency>
<PipelineDepth>49094388</PipelineDepth>
<PipelineType>no</PipelineType>
<InstanceList>
</InstanceList>
<VITIS_LOOP_22_2>
<Name>VITIS_LOOP_22_2</Name>
<Slack>7.30</Slack>
<TripCount>255</TripCount>
<Latency>49094385</Latency>
<AbsoluteTimeLatency>0.491 sec</AbsoluteTimeLatency>
<IterationLatency>192527</IterationLatency>
<PipelineDepth>192527</PipelineDepth>
<PipelineType>no</PipelineType>
<InstanceList>
</InstanceList>
<VITIS_LOOP_23_3>
<Name>VITIS_LOOP_23_3</Name>
<Slack>7.30</Slack>
<TripCount>255</TripCount>
<Latency>192525</Latency>
<AbsoluteTimeLatency>1.925 ms</AbsoluteTimeLatency>
<IterationLatency>755</IterationLatency>
<PipelineDepth>755</PipelineDepth>
<PipelineType>no</PipelineType>
<InstanceList>
</InstanceList>
<VITIS_LOOP_26_4>
<Name>VITIS_LOOP_26_4</Name>
<Slack>7.30</Slack>
<TripCount>9</TripCount>
<Latency>747</Latency>
<AbsoluteTimeLatency>7.470 us</AbsoluteTimeLatency>
<IterationLatency>83</IterationLatency>
<PipelineDepth>83</PipelineDepth>
<PipelineType>no</PipelineType>
<InstanceList>
</InstanceList>
<VITIS_LOOP_27_5>
<Name>VITIS_LOOP_27_5</Name>
<Slack>7.30</Slack>
<TripCount>9</TripCount>
<Latency>81</Latency>
<AbsoluteTimeLatency>0.810 us</AbsoluteTimeLatency>
<IterationLatency>9</IterationLatency>
<PipelineDepth>9</PipelineDepth>
<PipelineType>no</PipelineType>
<InstanceList>
</InstanceList>
</VITIS_LOOP_27_5>
</VITIS_LOOP_26_4>
</VITIS_LOOP_23_3>
</VITIS_LOOP_22_2>
</VITIS_LOOP_18_1>
<VITIS_LOOP_17_1>
<Name>VITIS_LOOP_17_1</Name>
<Slack>7.30</Slack>
<TripCount>32</TripCount>
<Latency>1215203616</Latency>
<AbsoluteTimeLatency>12.152 sec</AbsoluteTimeLatency>
<IterationLatency>37975113</IterationLatency>
<PipelineDepth>37975113</PipelineDepth>
<PipelineType>no</PipelineType>
<InstanceList>
</InstanceList>
<VITIS_LOOP_21_2>
<Name>VITIS_LOOP_21_2</Name>
<Slack>7.30</Slack>
<TripCount>255</TripCount>
<Latency>37975110</Latency>
<AbsoluteTimeLatency>0.380 sec</AbsoluteTimeLatency>
<IterationLatency>148922</IterationLatency>
<PipelineDepth>148922</PipelineDepth>
<PipelineType>no</PipelineType>
<InstanceList>
</InstanceList>
<VITIS_LOOP_22_3>
<Name>VITIS_LOOP_22_3</Name>
<Slack>7.30</Slack>
<TripCount>255</TripCount>
<Latency>148920</Latency>
<AbsoluteTimeLatency>1.489 ms</AbsoluteTimeLatency>
<IterationLatency>584</IterationLatency>
<PipelineDepth>584</PipelineDepth>
<PipelineType>no</PipelineType>
<InstanceList>
</InstanceList>
<VITIS_LOOP_33_6>
<Name>VITIS_LOOP_33_6</Name>
<Slack>7.30</Slack>
<TripCount>64</TripCount>
<Latency>576</Latency>
<AbsoluteTimeLatency>5.760 us</AbsoluteTimeLatency>
<IterationLatency>9</IterationLatency>
<PipelineDepth>9</PipelineDepth>
<PipelineType>no</PipelineType>
<InstanceList>
</InstanceList>
</VITIS_LOOP_33_6>
</VITIS_LOOP_22_3>
</VITIS_LOOP_21_2>
</VITIS_LOOP_17_1>
<VITIS_LOOP_21_2>
<Name>VITIS_LOOP_21_2</Name>
<Slack>7.30</Slack>
<TripCount>255</TripCount>
<Latency>472537185</Latency>
<AbsoluteTimeLatency>4.725 sec</AbsoluteTimeLatency>
<IterationLatency>1853087</IterationLatency>
<PipelineDepth>1853087</PipelineDepth>
<PipelineType>no</PipelineType>
<InstanceList>
</InstanceList>
<VITIS_LOOP_22_3>
<Name>VITIS_LOOP_22_3</Name>
<Slack>7.30</Slack>
<TripCount>255</TripCount>
<Latency>1853085</Latency>
<AbsoluteTimeLatency>18.531 ms</AbsoluteTimeLatency>
<IterationLatency>7267</IterationLatency>
<PipelineDepth>7267</PipelineDepth>
<PipelineType>no</PipelineType>
<InstanceList>
</InstanceList>
<VITIS_LOOP_25_4>
<Name>VITIS_LOOP_25_4</Name>
<Slack>7.30</Slack>
<TripCount>5</TripCount>
<Latency>7260</Latency>
<AbsoluteTimeLatency>72.600 us</AbsoluteTimeLatency>
<IterationLatency>1452</IterationLatency>
<PipelineDepth>1452</PipelineDepth>
<PipelineType>no</PipelineType>
<InstanceList>
</InstanceList>
<VITIS_LOOP_26_5>
<Name>VITIS_LOOP_26_5</Name>
<Slack>7.30</Slack>
<TripCount>5</TripCount>
<Latency>1450</Latency>
<AbsoluteTimeLatency>14.500 us</AbsoluteTimeLatency>
<IterationLatency>290</IterationLatency>
<PipelineDepth>290</PipelineDepth>
<PipelineType>no</PipelineType>
<InstanceList>
</InstanceList>
<VITIS_LOOP_33_6>
<Name>VITIS_LOOP_33_6</Name>
<Slack>7.30</Slack>
<TripCount>32</TripCount>
<Latency>288</Latency>
<AbsoluteTimeLatency>2.880 us</AbsoluteTimeLatency>
<IterationLatency>9</IterationLatency>
<PipelineDepth>9</PipelineDepth>
<PipelineType>no</PipelineType>
<InstanceList>
</InstanceList>
</VITIS_LOOP_33_6>
</VITIS_LOOP_26_5>
</VITIS_LOOP_25_4>
</VITIS_LOOP_22_3>
</VITIS_LOOP_21_2>
</SummaryOfLoopLatency>
</PerformanceEstimates>
<AreaEstimates>
<Resources>
<BRAM_18K>11064</BRAM_18K>
<AVAIL_BRAM>288</AVAIL_BRAM>
<UTIL_BRAM>3841</UTIL_BRAM>
<DSP>5</DSP>
<AVAIL_DSP>1248</AVAIL_DSP>
<UTIL_DSP>~0</UTIL_DSP>
<FF>1420</FF>
<AVAIL_FF>234240</AVAIL_FF>
<UTIL_FF>~0</UTIL_FF>
<LUT>2394</LUT>
<AVAIL_LUT>117120</AVAIL_LUT>
<UTIL_LUT>2</UTIL_LUT>
<URAM>0</URAM>
<AVAIL_URAM>64</AVAIL_URAM>
<UTIL_URAM>0</UTIL_URAM>
</Resources>
</AreaEstimates>
<InterfaceSummary>
<RtlPorts>
<name>ap_clk</name>
<Object>srcnn</Object>
<Type>return value</Type>
<Scope></Scope>
<IOProtocol>ap_ctrl_hs</IOProtocol>
<IOConfig></IOConfig>
<Dir>in</Dir>
<Bits>1</Bits>
<Attribute>control</Attribute>
</RtlPorts>
<RtlPorts>
<name>ap_rst</name>
<Object>srcnn</Object>
<Type>return value</Type>
<Scope></Scope>
<IOProtocol>ap_ctrl_hs</IOProtocol>
<IOConfig></IOConfig>
<Dir>in</Dir>
<Bits>1</Bits>
<Attribute>control</Attribute>
</RtlPorts>
<RtlPorts>
<name>ap_start</name>
<Object>srcnn</Object>
<Type>return value</Type>
<Scope></Scope>
<IOProtocol>ap_ctrl_hs</IOProtocol>
<IOConfig></IOConfig>
<Dir>in</Dir>
<Bits>1</Bits>
<Attribute>control</Attribute>
</RtlPorts>
<RtlPorts>
<name>ap_done</name>
<Object>srcnn</Object>
<Type>return value</Type>
<Scope></Scope>
<IOProtocol>ap_ctrl_hs</IOProtocol>
<IOConfig></IOConfig>
<Dir>out</Dir>
<Bits>1</Bits>
<Attribute>control</Attribute>
</RtlPorts>
<RtlPorts>
<name>ap_idle</name>
<Object>srcnn</Object>
<Type>return value</Type>
<Scope></Scope>
<IOProtocol>ap_ctrl_hs</IOProtocol>
<IOConfig></IOConfig>
<Dir>out</Dir>
<Bits>1</Bits>
<Attribute>control</Attribute>
</RtlPorts>
<RtlPorts>
<name>ap_ready</name>
<Object>srcnn</Object>
<Type>return value</Type>
<Scope></Scope>
<IOProtocol>ap_ctrl_hs</IOProtocol>
<IOConfig></IOConfig>
<Dir>out</Dir>
<Bits>1</Bits>
<Attribute>control</Attribute>
</RtlPorts>
<RtlPorts>
<name>input_ftmap_address0</name>
<Object>input_ftmap</Object>
<Type>array</Type>
<Scope></Scope>
<IOProtocol>ap_memory</IOProtocol>
<IOConfig></IOConfig>
<Dir>out</Dir>
<Bits>16</Bits>
<Attribute>address</Attribute>
<CType>int</CType>
</RtlPorts>
<RtlPorts>
<name>input_ftmap_ce0</name>
<Object>input_ftmap</Object>
<Type>array</Type>
<Scope></Scope>
<IOProtocol>ap_memory</IOProtocol>
<IOConfig></IOConfig>
<Dir>out</Dir>
<Bits>1</Bits>
<Attribute>control</Attribute>
<CType>int</CType>
</RtlPorts>
<RtlPorts>
<name>input_ftmap_q0</name>
<Object>input_ftmap</Object>
<Type>array</Type>
<Scope></Scope>
<IOProtocol>ap_memory</IOProtocol>
<IOConfig></IOConfig>
<Dir>in</Dir>
<Bits>32</Bits>
<Attribute>data</Attribute>
<CType>int</CType>
</RtlPorts>
<RtlPorts>
<name>conv1_weights_address0</name>
<Object>conv1_weights</Object>
<Type>array</Type>
<Scope></Scope>
<IOProtocol>ap_memory</IOProtocol>
<IOConfig></IOConfig>
<Dir>out</Dir>
<Bits>13</Bits>
<Attribute>address</Attribute>
<CType>int</CType>
</RtlPorts>
<RtlPorts>
<name>conv1_weights_ce0</name>
<Object>conv1_weights</Object>
<Type>array</Type>
<Scope></Scope>
<IOProtocol>ap_memory</IOProtocol>
<IOConfig></IOConfig>
<Dir>out</Dir>
<Bits>1</Bits>
<Attribute>control</Attribute>
<CType>int</CType>
</RtlPorts>
<RtlPorts>
<name>conv1_weights_q0</name>
<Object>conv1_weights</Object>
<Type>array</Type>
<Scope></Scope>
<IOProtocol>ap_memory</IOProtocol>
<IOConfig></IOConfig>
<Dir>in</Dir>
<Bits>32</Bits>
<Attribute>data</Attribute>
<CType>int</CType>
</RtlPorts>
<RtlPorts>
<name>conv1_biases_address0</name>
<Object>conv1_biases</Object>
<Type>array</Type>
<Scope></Scope>
<IOProtocol>ap_memory</IOProtocol>
<IOConfig></IOConfig>
<Dir>out</Dir>
<Bits>6</Bits>
<Attribute>address</Attribute>
<CType>int</CType>
</RtlPorts>
<RtlPorts>
<name>conv1_biases_ce0</name>
<Object>conv1_biases</Object>
<Type>array</Type>
<Scope></Scope>
<IOProtocol>ap_memory</IOProtocol>
<IOConfig></IOConfig>
<Dir>out</Dir>
<Bits>1</Bits>
<Attribute>control</Attribute>
<CType>int</CType>
</RtlPorts>
<RtlPorts>
<name>conv1_biases_q0</name>
<Object>conv1_biases</Object>
<Type>array</Type>
<Scope></Scope>
<IOProtocol>ap_memory</IOProtocol>
<IOConfig></IOConfig>
<Dir>in</Dir>
<Bits>32</Bits>
<Attribute>data</Attribute>
<CType>int</CType>
</RtlPorts>
<RtlPorts>
<name>conv2_weights_address0</name>
<Object>conv2_weights</Object>
<Type>array</Type>
<Scope></Scope>
<IOProtocol>ap_memory</IOProtocol>
<IOConfig></IOConfig>
<Dir>out</Dir>
<Bits>11</Bits>
<Attribute>address</Attribute>
<CType>int</CType>
</RtlPorts>
<RtlPorts>
<name>conv2_weights_ce0</name>
<Object>conv2_weights</Object>
<Type>array</Type>
<Scope></Scope>
<IOProtocol>ap_memory</IOProtocol>
<IOConfig></IOConfig>
<Dir>out</Dir>
<Bits>1</Bits>
<Attribute>control</Attribute>
<CType>int</CType>
</RtlPorts>
<RtlPorts>
<name>conv2_weights_q0</name>
<Object>conv2_weights</Object>
<Type>array</Type>
<Scope></Scope>
<IOProtocol>ap_memory</IOProtocol>
<IOConfig></IOConfig>
<Dir>in</Dir>
<Bits>32</Bits>
<Attribute>data</Attribute>
<CType>int</CType>
</RtlPorts>
<RtlPorts>
<name>conv2_biases_address0</name>
<Object>conv2_biases</Object>
<Type>array</Type>
<Scope></Scope>
<IOProtocol>ap_memory</IOProtocol>
<IOConfig></IOConfig>
<Dir>out</Dir>
<Bits>5</Bits>
<Attribute>address</Attribute>
<CType>int</CType>
</RtlPorts>
<RtlPorts>
<name>conv2_biases_ce0</name>
<Object>conv2_biases</Object>
<Type>array</Type>
<Scope></Scope>
<IOProtocol>ap_memory</IOProtocol>
<IOConfig></IOConfig>
<Dir>out</Dir>
<Bits>1</Bits>
<Attribute>control</Attribute>
<CType>int</CType>
</RtlPorts>
<RtlPorts>
<name>conv2_biases_q0</name>
<Object>conv2_biases</Object>
<Type>array</Type>
<Scope></Scope>
<IOProtocol>ap_memory</IOProtocol>
<IOConfig></IOConfig>
<Dir>in</Dir>
<Bits>32</Bits>
<Attribute>data</Attribute>
<CType>int</CType>
</RtlPorts>
<RtlPorts>
<name>conv3_weights_address0</name>
<Object>conv3_weights</Object>
<Type>array</Type>
<Scope></Scope>
<IOProtocol>ap_memory</IOProtocol>
<IOConfig></IOConfig>
<Dir>out</Dir>
<Bits>10</Bits>
<Attribute>address</Attribute>
<CType>int</CType>
</RtlPorts>
<RtlPorts>
<name>conv3_weights_ce0</name>
<Object>conv3_weights</Object>
<Type>array</Type>
<Scope></Scope>
<IOProtocol>ap_memory</IOProtocol>
<IOConfig></IOConfig>
<Dir>out</Dir>
<Bits>1</Bits>
<Attribute>control</Attribute>
<CType>int</CType>
</RtlPorts>
<RtlPorts>
<name>conv3_weights_q0</name>
<Object>conv3_weights</Object>
<Type>array</Type>
<Scope></Scope>
<IOProtocol>ap_memory</IOProtocol>
<IOConfig></IOConfig>
<Dir>in</Dir>
<Bits>32</Bits>
<Attribute>data</Attribute>
<CType>int</CType>
</RtlPorts>
<RtlPorts>
<name>conv3_biases</name>
<Object>conv3_biases</Object>
<Type>pointer</Type>
<Scope></Scope>
<IOProtocol>ap_none</IOProtocol>
<IOConfig></IOConfig>
<Dir>in</Dir>
<Bits>32</Bits>
<Attribute>data</Attribute>
<CType>int</CType>
</RtlPorts>
<RtlPorts>
<name>output_ftmap_address0</name>
<Object>output_ftmap</Object>
<Type>array</Type>
<Scope></Scope>
<IOProtocol>ap_memory</IOProtocol>
<IOConfig></IOConfig>
<Dir>out</Dir>
<Bits>16</Bits>
<Attribute>address</Attribute>
<CType>int</CType>
</RtlPorts>
<RtlPorts>
<name>output_ftmap_ce0</name>
<Object>output_ftmap</Object>
<Type>array</Type>
<Scope></Scope>
<IOProtocol>ap_memory</IOProtocol>
<IOConfig></IOConfig>
<Dir>out</Dir>
<Bits>1</Bits>
<Attribute>control</Attribute>
<CType>int</CType>
</RtlPorts>
<RtlPorts>
<name>output_ftmap_we0</name>
<Object>output_ftmap</Object>
<Type>array</Type>
<Scope></Scope>
<IOProtocol>ap_memory</IOProtocol>
<IOConfig></IOConfig>
<Dir>out</Dir>
<Bits>1</Bits>
<Attribute>control</Attribute>
<CType>int</CType>
</RtlPorts>
<RtlPorts>
<name>output_ftmap_d0</name>
<Object>output_ftmap</Object>
<Type>array</Type>
<Scope></Scope>
<IOProtocol>ap_memory</IOProtocol>
<IOConfig></IOConfig>
<Dir>out</Dir>
<Bits>32</Bits>
<Attribute>data</Attribute>
<CType>int</CType>
</RtlPorts>
<RtlPorts>
<name>output_ftmap_q0</name>
<Object>output_ftmap</Object>
<Type>array</Type>
<Scope></Scope>
<IOProtocol>ap_memory</IOProtocol>
<IOConfig></IOConfig>
<Dir>in</Dir>
<Bits>32</Bits>
<Attribute>data</Attribute>
<CType>int</CType>
</RtlPorts>
</InterfaceSummary>
</Module>
</ModuleInformation>

<FIFOInformation>
</FIFOInformation>

</profile>
